Component: ARM Compiler 5.06 update 6 (build 750) Tool: armlink [4d35ed]

==============================================================================

Section Cross References

    startup_stm32f40_41xxx.o(STACK) refers (Special) to heapauxi.o(.text) for __use_two_region_memory
    startup_stm32f40_41xxx.o(HEAP) refers (Special) to heapauxi.o(.text) for __use_two_region_memory
    startup_stm32f40_41xxx.o(RESET) refers (Special) to heapauxi.o(.text) for __use_two_region_memory
    startup_stm32f40_41xxx.o(RESET) refers to startup_stm32f40_41xxx.o(STACK) for __initial_sp
    startup_stm32f40_41xxx.o(RESET) refers to startup_stm32f40_41xxx.o(.text) for Reset_Handler
    startup_stm32f40_41xxx.o(RESET) refers to stm32f4xx_it.o(i.NMI_Handler) for NMI_Handler
    startup_stm32f40_41xxx.o(RESET) refers to stm32f4xx_it.o(i.HardFault_Handler) for HardFault_Handler
    startup_stm32f40_41xxx.o(RESET) refers to stm32f4xx_it.o(i.MemManage_Handler) for MemManage_Handler
    startup_stm32f40_41xxx.o(RESET) refers to stm32f4xx_it.o(i.BusFault_Handler) for BusFault_Handler
    startup_stm32f40_41xxx.o(RESET) refers to stm32f4xx_it.o(i.UsageFault_Handler) for UsageFault_Handler
    startup_stm32f40_41xxx.o(RESET) refers to stm32f4xx_it.o(i.SVC_Handler) for SVC_Handler
    startup_stm32f40_41xxx.o(RESET) refers to stm32f4xx_it.o(i.DebugMon_Handler) for DebugMon_Handler
    startup_stm32f40_41xxx.o(RESET) refers to stm32f4xx_it.o(i.PendSV_Handler) for PendSV_Handler
    startup_stm32f40_41xxx.o(RESET) refers to stm32f4xx_it.o(i.SysTick_Handler) for SysTick_Handler
    startup_stm32f40_41xxx.o(RESET) refers to usart.o(i.USART1_IRQHandler) for USART1_IRQHandler
    startup_stm32f40_41xxx.o(RESET) refers to usart.o(i.USART2_IRQHandler) for USART2_IRQHandler
    startup_stm32f40_41xxx.o(RESET) refers to usart.o(i.USART3_IRQHandler) for USART3_IRQHandler
    startup_stm32f40_41xxx.o(RESET) refers to usart.o(i.UART4_IRQHandler) for UART4_IRQHandler
    startup_stm32f40_41xxx.o(RESET) refers to usart.o(i.UART5_IRQHandler) for UART5_IRQHandler
    startup_stm32f40_41xxx.o(RESET) refers to timer.o(i.TIM6_DAC_IRQHandler) for TIM6_DAC_IRQHandler
    startup_stm32f40_41xxx.o(RESET) refers to timer.o(i.TIM7_IRQHandler) for TIM7_IRQHandler
    startup_stm32f40_41xxx.o(RESET) refers to usart.o(i.USART6_IRQHandler) for USART6_IRQHandler
    startup_stm32f40_41xxx.o(.text) refers (Special) to heapauxi.o(.text) for __use_two_region_memory
    startup_stm32f40_41xxx.o(.text) refers to system_stm32f4xx.o(i.SystemInit) for SystemInit
    startup_stm32f40_41xxx.o(.text) refers to __main.o(!!!main) for __main
    startup_stm32f40_41xxx.o(.text) refers to startup_stm32f40_41xxx.o(HEAP) for Heap_Mem
    startup_stm32f40_41xxx.o(.text) refers to startup_stm32f40_41xxx.o(STACK) for Stack_Mem
    stm32f4xx_adc.o(i.ADC_DeInit) refers to stm32f4xx_rcc.o(i.RCC_APB2PeriphResetCmd) for RCC_APB2PeriphResetCmd
    stm32f4xx_can.o(i.CAN_DeInit) refers to stm32f4xx_rcc.o(i.RCC_APB1PeriphResetCmd) for RCC_APB1PeriphResetCmd
    stm32f4xx_can.o(i.CAN_GetITStatus) refers to stm32f4xx_can.o(i.CheckITStatus) for CheckITStatus
    stm32f4xx_cryp.o(i.CRYP_DeInit) refers to stm32f4xx_rcc.o(i.RCC_AHB2PeriphResetCmd) for RCC_AHB2PeriphResetCmd
    stm32f4xx_cryp_aes.o(i.CRYP_AES_CBC) refers to stm32f4xx_cryp.o(i.CRYP_KeyStructInit) for CRYP_KeyStructInit
    stm32f4xx_cryp_aes.o(i.CRYP_AES_CBC) refers to stm32f4xx_cryp.o(i.CRYP_FIFOFlush) for CRYP_FIFOFlush
    stm32f4xx_cryp_aes.o(i.CRYP_AES_CBC) refers to stm32f4xx_cryp.o(i.CRYP_Init) for CRYP_Init
    stm32f4xx_cryp_aes.o(i.CRYP_AES_CBC) refers to stm32f4xx_cryp.o(i.CRYP_KeyInit) for CRYP_KeyInit
    stm32f4xx_cryp_aes.o(i.CRYP_AES_CBC) refers to stm32f4xx_cryp.o(i.CRYP_Cmd) for CRYP_Cmd
    stm32f4xx_cryp_aes.o(i.CRYP_AES_CBC) refers to stm32f4xx_cryp.o(i.CRYP_GetFlagStatus) for CRYP_GetFlagStatus
    stm32f4xx_cryp_aes.o(i.CRYP_AES_CBC) refers to stm32f4xx_cryp.o(i.CRYP_IVInit) for CRYP_IVInit
    stm32f4xx_cryp_aes.o(i.CRYP_AES_CBC) refers to stm32f4xx_cryp.o(i.CRYP_GetCmdStatus) for CRYP_GetCmdStatus
    stm32f4xx_cryp_aes.o(i.CRYP_AES_CBC) refers to stm32f4xx_cryp.o(i.CRYP_DataIn) for CRYP_DataIn
    stm32f4xx_cryp_aes.o(i.CRYP_AES_CBC) refers to stm32f4xx_cryp.o(i.CRYP_DataOut) for CRYP_DataOut
    stm32f4xx_cryp_aes.o(i.CRYP_AES_CCM) refers to stm32f4xx_cryp.o(i.CRYP_KeyStructInit) for CRYP_KeyStructInit
    stm32f4xx_cryp_aes.o(i.CRYP_AES_CCM) refers to stm32f4xx_cryp.o(i.CRYP_FIFOFlush) for CRYP_FIFOFlush
    stm32f4xx_cryp_aes.o(i.CRYP_AES_CCM) refers to stm32f4xx_cryp.o(i.CRYP_KeyInit) for CRYP_KeyInit
    stm32f4xx_cryp_aes.o(i.CRYP_AES_CCM) refers to stm32f4xx_cryp.o(i.CRYP_IVInit) for CRYP_IVInit
    stm32f4xx_cryp_aes.o(i.CRYP_AES_CCM) refers to stm32f4xx_cryp.o(i.CRYP_Init) for CRYP_Init
    stm32f4xx_cryp_aes.o(i.CRYP_AES_CCM) refers to stm32f4xx_cryp.o(i.CRYP_PhaseConfig) for CRYP_PhaseConfig
    stm32f4xx_cryp_aes.o(i.CRYP_AES_CCM) refers to stm32f4xx_cryp.o(i.CRYP_DataIn) for CRYP_DataIn
[...]
    i.vTaskSwitchContext                     0x08004128   Section        0  tasks.o(i.vTaskSwitchContext)
    i.xPortStartScheduler                    0x080041a8   Section        0  port.o(i.xPortStartScheduler)
    i.xPortSysTickHandler                    0x080041f0   Section        0  port.o(i.xPortSysTickHandler)
    i.xQueueGenericCreateStatic              0x08004224   Section        0  queue.o(i.xQueueGenericCreateStatic)
    i.xQueueGenericReset                     0x08004264   Section        0  queue.o(i.xQueueGenericReset)
    i.xQueueReceive                          0x08004304   Section        0  queue.o(i.xQueueReceive)
    i.xTaskCheckForTimeOut                   0x08004408   Section        0  tasks.o(i.xTaskCheckForTimeOut)
    i.xTaskCreate                            0x08004484   Section        0  tasks.o(i.xTaskCreate)
    i.xTaskCreateStatic                      0x080044bc   Section        0  tasks.o(i.xTaskCreateStatic)
    i.xTaskGetTickCount                      0x080044fc   Section        0  tasks.o(i.xTaskGetTickCount)
    i.xTaskIncrementTick                     0x08004508   Section        0  tasks.o(i.xTaskIncrementTick)
    i.xTaskPriorityDisinherit                0x080046ac   Section        0  tasks.o(i.xTaskPriorityDisinherit)
    i.xTaskRemoveFromEventList               0x0800474c   Section        0  tasks.o(i.xTaskRemoveFromEventList)
    i.xTaskResumeAll                         0x0800486c   Section        0  tasks.o(i.xTaskResumeAll)
    i.xTimerCreateTimerTask                  0x080049ec   Section        0  timers.o(i.xTimerCreateTimerTask)
    x$fpl$fpinit                             0x08004a4c   Section       10  fpinit.o(x$fpl$fpinit)
    $v0                                      0x08004a4c   Number         0  fpinit.o(x$fpl$fpinit)
    .constdata                               0x08004a58   Section       16  move_average_filter.o(.constdata)
    .constdata                               0x08004a68   Section       40  _printf_hex_int.o(.constdata)
    uc_hextab                                0x08004a68   Data          20  _printf_hex_int.o(.constdata)
    lc_hextab                                0x08004a7c   Data          20  _printf_hex_int.o(.constdata)
    .constdata                               0x08004a90   Section       17  __printf_flags_ss_wp.o(.constdata)
    maptable                                 0x08004a90   Data          17  __printf_flags_ss_wp.o(.constdata)
    .data                                    0x20000000   Section       16  stm32f4xx_rcc.o(.data)
    APBAHBPrescTable                         0x20000000   Data          16  stm32f4xx_rcc.o(.data)
    .data                                    0x20000010   Section       52  usart.o(.data)
    .data                                    0x20000044   Section       56  main.o(.data)
    .data                                    0x2000007c   Section       36  pid.o(.data)
    .data                                    0x200000a0   Section       64  tasks.o(.data)
    pxDelayedTaskList                        0x200000a4   Data           4  tasks.o(.data)
    pxOverflowDelayedTaskList                0x200000a8   Data           4  tasks.o(.data)
    uxDeletedTasksWaitingCleanUp             0x200000ac   Data           4  tasks.o(.data)
    uxCurrentNumberOfTasks                   0x200000b0   Data           4  tasks.o(.data)
    xTickCount                               0x200000b4   Data           4  tasks.o(.data)
    uxTopReadyPriority                       0x200000b8   Data           4  tasks.o(.data)
    xSchedulerRunning                        0x200000bc   Data           4  tasks.o(.data)
    xPendedTicks                             0x200000c0   Data           4  tasks.o(.data)
    xYieldPendings                           0x200000c4   Data           4  tasks.o(.data)
    xNumOfOverflows                          0x200000c8   Data           4  tasks.o(.data)
    uxTaskNumber                             0x200000cc   Data           4  tasks.o(.data)
    xNextTaskUnblockTime                     0x200000d0   Data           4  tasks.o(.data)
    xIdleTaskHandles                         0x200000d4   Data           4  tasks.o(.data)
    uxTopUsedPriority                        0x200000d8   Data           4  tasks.o(.data)
    uxSchedulerSuspended                     0x200000dc   Data           4  tasks.o(.data)
    .data                                    0x200000e0   Section       20  timers.o(.data)
    pxCurrentTimerList                       0x200000e0   Data           4  timers.o(.data)
    pxOverflowTimerList                      0x200000e4   Data           4  timers.o(.data)
    xTimerQueue                              0x200000e8   Data           4  timers.o(.data)
    xTimerTaskHandle                         0x200000ec   Data           4  timers.o(.data)
    xLastTime                                0x200000f0   Data           4  timers.o(.data)
    .data                                    0x200000f4   Section       16  port.o(.data)
    uxCriticalNesting                        0x200000f4   Data           4  port.o(.data)
    ulTimerCountsForOneTick                  0x200000f8   Data           4  port.o(.data)
    xMaximumPossibleSuppressedTicks          0x200000fc   Data           4  port.o(.data)
    ulStoppedTimerCompensation               0x20000100   Data           4  port.o(.data)
    .data                                    0x20000104   Section       28  heap_4.o(.data)
    xStart                                   0x20000104   Data           8  heap_4.o(.data)
    pxEnd                                    0x2000010c   Data           4  heap_4.o(.data)
    xFreeBytesRemaining                      0x20000110   Data           4  heap_4.o(.data)
    xMinimumEverFreeBytesRemaining           0x20000114   Data           4  heap_4.o(.data)
    xNumberOfSuccessfulAllocations           0x20000118   Data           4  heap_4.o(.data)
    xNumberOfSuccessfulFrees                 0x2000011c   Data           4  heap_4.o(.data)
    .bss                                     0x20000120   Section     1530  usart.o(.bss)
    .bss                                     0x2000071c   Section       80  move_average_filter.o(.bss)
    .bss                                     0x2000076c   Section     1456  tasks.o(.bss)
    pxReadyTasksLists                        0x2000076c   Data         140  tasks.o(.bss)
    xDelayedTaskList1                        0x200007f8   Data          28  tasks.o(.bss)
    xDelayedTaskList2                        0x20000814   Data          28  tasks.o(.bss)
    xPendingReadyList                        0x20000830   Data          28  tasks.o(.bss)
    xTasksWaitingTermination                 0x2000084c   Data          28  tasks.o(.bss)
    xSuspendedTaskList                       0x20000868   Data          28  tasks.o(.bss)
    xIdleTaskTCB                             0x20000884   Data          76  tasks.o(.bss)
    uxIdleTaskStack                          0x200008d0   Data         512  tasks.o(.bss)
    xTimerTaskTCB                            0x20000ad0   Data          76  tasks.o(.bss)
    uxTimerTaskStack                         0x20000b1c   Data         512  tasks.o(.bss)
    .bss                                     0x20000d1c   Section      308  timers.o(.bss)
    xActiveTimerList1                        0x20000d1c   Data          28  timers.o(.bss)
    xActiveTimerList2                        0x20000d38   Data          28  timers.o(.bss)
    xStaticTimerQueue                        0x20000d54   Data          92  timers.o(.bss)
    ucStaticTimerQueueStorage                0x20000db0   Data         160  timers.o(.bss)
    .bss                                     0x20000e50   Section    81920  heap_4.o(.bss)
    ucHeap                                   0x20000e50   Data       81920  heap_4.o(.bss)
    .bss                                     0x20014e50   Section       96  libspace.o(.bss)
    HEAP                                     0x20014eb0   Section     4096  startup_stm32f40_41xxx.o(HEAP)
    Heap_Mem                                 0x20014eb0   Data        4096  startup_stm32f40_41xxx.o(HEAP)
    STACK                                    0x20015eb0   Section     4096  startup_stm32f40_41xxx.o(STACK)
    Stack_Mem                                0x20015eb0   Data        4096  startup_stm32f40_41xxx.o(STACK)
    __initial_sp                             0x20016eb0   Data           0  startup_stm32f40_41xxx.o(STACK)

    Global Symbols

    Symbol Name                              Value     Ov Type        Size  Object(Section)

    BuildAttributes$$THM_ISAv4$E$P$D$K$B$S$7EM$VFPi3$EXTD16$VFPS$VFMA$PE$A:L22UL41UL21$X:L11$S22US41US21$IEEE1$IW$USESV6$~STKCKD$USESV7$~SHL$OSPACE$ROPI$EBA8$UX$STANDARDLIB$REQ8$PRES8$EABIv2 0x00000000   Number         0  anon$$obj.o ABSOLUTE
    __ARM_use_no_argv                        0x00000000   Number         0  main.o ABSOLUTE
    _printf_flags                            0x00000000   Number         0  printf_stubs.o ABSOLUTE
    _printf_return_value                     0x00000000   Number         0  printf_stubs.o ABSOLUTE
    _printf_sizespec                         0x00000000   Number         0  printf_stubs.o ABSOLUTE
    _printf_widthprec                        0x00000000   Number         0  printf_stubs.o ABSOLUTE
    __ARM_exceptions_init                     - Undefined Weak Reference
    __alloca_initialize                       - Undefined Weak Reference
    __arm_preinit_                            - Undefined Weak Reference
    __cpp_initialize__aeabi_                  - Undefined Weak Reference
    __cxa_finalize                            - Undefined Weak Reference
    __rt_locale                               - Undefined Weak Reference
    __sigvec_lookup                           - Undefined Weak Reference
    _atexit_init                              - Undefined Weak Reference
    _call_atexit_fns                          - Undefined Weak Reference
    _clock_init                               - Undefined Weak Reference
    _fp_trap_init                             - Undefined Weak Reference
    _fp_trap_shutdown                         - Undefined Weak Reference
    _get_lc_collate                           - Undefined Weak Reference
    _get_lc_ctype                             - Undefined Weak Reference
    _get_lc_monetary                          - Undefined Weak Reference
    _get_lc_numeric                           - Undefined Weak Reference
    _get_lc_time                              - Undefined Weak Reference
    _getenv_init                              - Undefined Weak Reference
    _handle_redirection                       - Undefined Weak Reference
    _init_alloc                               - Undefined Weak Reference
    _init_user_alloc                          - Undefined Weak Reference
    _initio                                   - Undefined Weak Reference
    _mutex_acquire                            - Undefined Weak Reference
    _mutex_release                            - Undefined Weak Reference
    _printf_mbtowc                            - Undefined Weak Reference
    _printf_truncate_signed                   - Undefined Weak Reference
    _printf_truncate_unsigned                 - Undefined Weak Reference
    _rand_init                                - Undefined Weak Reference
    _signal_finish                            - Undefined Weak Reference
    _signal_init                              - Undefined Weak Reference
    _terminate_alloc                          - Undefined Weak Reference
    _terminate_user_alloc                     - Undefined Weak Reference
    _terminateio                              - Undefined Weak Reference
    __Vectors_Size                           0x00000188   Number         0  startup_stm32f40_41xxx.o ABSOLUTE
    __Vectors                                0x08000000   Data           4  startup_stm32f40_41xxx.o(RESET)
    __Vectors_End                            0x08000188   Data           0  startup_stm32f40_41xxx.o(RESET)
    __main                                   0x08000189   Thumb Code     8  __main.o(!!!main)
    __scatterload                            0x08000191   Thumb Code     0  __scatter.o(!!!scatter)
    __scatterload_rt2                        0x08000191   Thumb Code    44  __scatter.o(!!!scatter)
    __scatterload_rt2_thumb_only             0x08000191   Thumb Code     0  __scatter.o(!!!scatter)
    __scatterload_null                       0x0800019f   Thumb Code     0  __scatter.o(!!!scatter)
    __scatterload_copy                       0x080001c5   Thumb Code    26  __scatter_copy.o(!!handler_copy)
    __scatterload_zeroinit                   0x080001e1   Thumb Code    28  __scatter_zi.o(!!handler_zi)
    _printf_d                                0x080001fd   Thumb Code     0  _printf_d.o(.ARM.Collect$$_printf_percent$$00000009)
    _printf_percent                          0x080001fd   Thumb Code     0  _printf_percent.o(.ARM.Collect$$_printf_percent$$00000000)
    _printf_u                                0x08000203   Thumb Code     0  _printf_u.o(.ARM.Collect$$_printf_percent$$0000000A)
    _printf_x                                0x08000209   Thumb Code     0  _printf_x.o(.ARM.Collect$$_printf_percent$$0000000C)
    _printf_s                                0x0800020f   Thumb Code     0  _printf_s.o(.ARM.Collect$$_printf_percent$$00000014)
    _printf_percent_end                      0x08000215   Thumb Code     0  _printf_percent_end.o(.ARM.Collect$$_printf_percent$$00000017)
    __rt_lib_init                            0x08000219   Thumb Code     0  libinit.o(.ARM.Collect$$libinit$$00000000)
    __rt_lib_init_fp_1                       0x0800021b   Thumb Code     0  libinit2.o(.ARM.Collect$$libinit$$00000001)
    __rt_lib_init_alloca_1                   0x0800021f   Thumb Code     0  libinit2.o(.ARM.Collect$$libinit$$0000002E)
    __rt_lib_init_argv_1                     0x0800021f   Thumb Code     0  libinit2.o(.ARM.Collect$$libinit$$0000002C)
    __rt_lib_init_atexit_1                   0x0800021f   Thumb Code     0  libinit2.o(.ARM.Collect$$libinit$$0000001B)
    __rt_lib_init_clock_1                    0x0800021f   Thumb Code     0  libinit2.o(.ARM.Collect$$libinit$$00000021)
    __rt_lib_init_cpp_1                      0x0800021f   Thumb Code     0  libinit2.o(.ARM.Collect$$libinit$$00000032)
    __rt_lib_init_exceptions_1               0x0800021f   Thumb Code     0  libinit2.o(.ARM.Collect$$libinit$$00000030)
    __rt_lib_init_fp_trap_1                  0x0800021f   Thumb Code     0  libinit2.o(.ARM.Collect$$libinit$$0000001F)
    __rt_lib_init_getenv_1                   0x0800021f   Thumb Code     0  libinit2.o(.ARM.Collect$$libinit$$00000023)
    __rt_lib_init_heap_1                     0x0800021f   Thumb Code     0  libinit2.o(.ARM.Collect$$libinit$$0000000A)
    __rt_lib_init_lc_collate_1               0x0800021f   Thumb Code     0  libinit2.o(.ARM.Collect$$libinit$$00000011)
    __rt_lib_init_lc_ctype_1                 0x0800021f   Thumb Code     0  libinit2.o(.ARM.Collect$$libinit$$00000013)
    __rt_lib_init_lc_monetary_1              0x0800021f   Thumb Code     0  libinit2.o(.ARM.Collect$$libinit$$00000015)
    __rt_lib_init_lc_numeric_1               0x0800021f   Thumb Code     0  libinit2.o(.ARM.Collect$$libinit$$00000017)
    __rt_lib_init_lc_time_1                  0x0800021f   Thumb Code     0  libinit2.o(.ARM.Collect$$libinit$$00000019)
    __rt_lib_init_preinit_1                  0x0800021f   Thumb Code     0  libinit2.o(.ARM.Collect$$libinit$$00000004)
    __rt_lib_init_rand_1                     0x0800021f   Thumb Code     0  libinit2.o(.ARM.Collect$$libinit$$0000000E)
    __rt_lib_init_return                     0x0800021f   Thumb Code     0  libinit2.o(.ARM.Collect$$libinit$$00000033)
    __rt_lib_init_signal_1                   0x0800021f   Thumb Code     0  libinit2.o(.ARM.Collect$$libinit$$0000001D)
    __rt_lib_init_stdio_1                    0x0800021f   Thumb Code     0  libinit2.o(.ARM.Collect$$libinit$$00000025)
    __rt_lib_init_user_alloc_1               0x0800021f   Thumb Code     0  libinit2.o(.ARM.Collect$$libinit$$0000000C)
    __rt_lib_shutdown                        0x08000221   Thumb Code     0  libshutdown.o(.ARM.Collect$$libshutdown$$00000000)
    __rt_lib_shutdown_cpp_1                  0x08000223   Thumb Code     0  libshutdown2.o(.ARM.Collect$$libshutdown$$00000002)
    __rt_lib_shutdown_fp_trap_1              0x08000223   Thumb Code     0  libshutdown2.o(.ARM.Collect$$libshutdown$$00000007)
    __rt_lib_shutdown_heap_1                 0x08000223   Thumb Code     0  libshutdown2.o(.ARM.Collect$$libshutdown$$0000000F)
    __rt_lib_shutdown_return                 0x08000223   Thumb Code     0  libshutdown2.o(.ARM.Collect$$libshutdown$$00000010)
    __rt_lib_shutdown_signal_1               0x08000223   Thumb Code     0  libshutdown2.o(.ARM.Collect$$libshutdown$$0000000A)
    __rt_lib_shutdown_stdio_1                0x08000223   Thumb Code     0  libshutdown2.o(.ARM.Collect$$libshutdown$$00000004)
    __rt_lib_shutdown_user_alloc_1           0x08000223   Thumb Code     0  libshutdown2.o(.ARM.Collect$$libshutdown$$0000000C)
    __rt_entry                               0x08000225   Thumb Code     0  __rtentry.o(.ARM.Collect$$rtentry$$00000000)
    __rt_entry_presh_1                       0x08000225   Thumb Code     0  __rtentry2.o(.ARM.Collect$$rtentry$$00000002)
    __rt_entry_sh                            0x08000225   Thumb Code     0  __rtentry4.o(.ARM.Collect$$rtentry$$00000004)
    __rt_entry_li                            0x0800022b   Thumb Code     0  __rtentry2.o(.ARM.Collect$$rtentry$$0000000A)
    __rt_entry_postsh_1                      0x0800022b   Thumb Code     0  __rtentry2.o(.ARM.Collect$$rtentry$$00000009)
    __rt_entry_main                          0x0800022f   Thumb Code     0  __rtentry2.o(.ARM.Collect$$rtentry$$0000000D)
    __rt_entry_postli_1                      0x0800022f   Thumb Code     0  __rtentry2.o(.ARM.Collect$$rtentry$$0000000C)
    __rt_exit                                0x08000237   Thumb Code     0  rtexit.o(.ARM.Collect$$rtexit$$00000000)
    __rt_exit_ls                             0x08000239   Thumb Code     0  rtexit2.o(.ARM.Collect$$rtexit$$00000003)
    __rt_exit_prels_1                        0x08000239   Thumb Code     0  rtexit2.o(.ARM.Collect$$rtexit$$00000002)
    __rt_exit_exit                           0x0800023d   Thumb Code     0  rtexit2.o(.ARM.Collect$$rtexit$$00000004)
    vPortSVCHandler                          0x08000245   Thumb Code    28  port.o(.emb_text)
    __asm___6_port_c_39a90d8d__prvStartFirstTask 0x08000265   Thumb Code    36  port.o(.emb_text)
    __asm___6_port_c_39a90d8d__prvEnableVFP  0x0800028d   Thumb Code    16  port.o(.emb_text)
    xPortPendSVHandler                       0x080002a1   Thumb Code    88  port.o(.emb_text)
    vPortGetIPSR                             0x080002fd   Thumb Code     6  port.o(.emb_text)
    Reset_Handler                            0x08000305   Thumb Code     8  startup_stm32f40_41xxx.o(.text)
    ADC_IRQHandler                           0x0800031f   Thumb Code     0  startup_stm32f40_41xxx.o(.text)
    CAN1_RX0_IRQHandler                      0x0800031f   Thumb Code     0  startup_stm32f40_41xxx.o(.text)
    CAN1_RX1_IRQHandler                      0x0800031f   Thumb Code     0  startup_stm32f40_41xxx.o(.text)
    CAN1_SCE_IRQHandler                      0x0800031f   Thumb Code     0  startup_stm32f40_41xxx.o(.text)
    CAN1_TX_IRQHandler                       0x0800031f   Thumb Code     0  startup_stm32f40_41xxx.o(.text)
    CAN2_RX0_IRQHandler                      0x0800031f   Thumb Code     0  startup_stm32f40_41xxx.o(.text)
    CAN2_RX1_IRQHandler                      0x0800031f   Thumb Code     0  startup_stm32f40_41xxx.o(.text)
    CAN2_SCE_IRQHandler                      0x0800031f   Thumb Code     0  startup_stm32f40_41xxx.o(.text)
    CAN2_TX_IRQHandler                       0x0800031f   Thumb Code     0  startup_stm32f40_41xxx.o(.text)
    CRYP_IRQHandler                          0x0800031f   Thumb Code     0  startup_stm32f40_41xxx.o(.text)
    DCMI_IRQHandler                          0x0800031f   Thumb Code     0  startup_stm32f40_41xxx.o(.text)
    DMA1_Stream0_IRQHandler                  0x0800031f   Thumb Code     0  startup_stm32f40_41xxx.o(.text)
    DMA1_Stream1_IRQHandler                  0x0800031f   Thumb Code     0  startup_stm32f40_41xxx.o(.text)
    DMA1_Stream2_IRQHandler                  0x0800031f   Thumb Code     0  startup_stm32f40_41xxx.o(.text)
    DMA1_Stream3_IRQHandler                  0x0800031f   Thumb Code     0  startup_stm32f40_41xxx.o(.text)
    DMA1_Stream4_IRQHandler                  0x0800031f   Thumb Code     0  startup_stm32f40_41xxx.o(.text)
    DMA1_Stream5_IRQHandler                  0x0800031f   Thumb Code     0  startup_stm32f40_41xxx.o(.text)
    DMA1_Stream6_IRQHandler                  0x0800031f   Thumb Code     0  startup_stm32f40_41xxx.o(.text)
    DMA1_Stream7_IRQHandler                  0x0800031f   Thumb Code     0  startup_stm32f40_41xxx.o(.text)
    DMA2_Stream0_IRQHandler                  0x0800031f   Thumb Code     0  startup_stm32f40_41xxx.o(.text)
    DMA2_Stream1_IRQHandler                  0x0800031f   Thumb Code     0  startup_stm32f40_41xxx.o(.text)
    DMA2_Stream2_IRQHandler                  0x0800031f   Thumb Code     0  startup_stm32f40_41xxx.o(.text)
    DMA2_Stream3_IRQHandler                  0x0800031f   Thumb Code     0  startup_stm32f40_41xxx.o(.text)
    DMA2_Stream4_IRQHandler                  0x0800031f   Thumb Code     0  startup_stm32f40_41xxx.o(.text)
    DMA2_Stream5_IRQHandler                  0x0800031f   Thumb Code     0  startup_stm32f40_41xxx.o(.text)
    DMA2_Stream6_IRQHandler                  0x0800031f   Thumb Code     0  startup_stm32f40_41xxx.o(.text)
    DMA2_Stream7_IRQHandler                  0x0800031f   Thumb Code     0  startup_stm32f40_41xxx.o(.text)
    ETH_IRQHandler                           0x0800031f   Thumb Code     0  startup_stm32f40_41xxx.o(.text)
    ETH_WKUP_IRQHandler                      0x0800031f   Thumb Code     0  startup_stm32f40_41xxx.o(.text)
    EXTI0_IRQHandler                         0x0800031f   Thumb Code     0  startup_stm32f40_41xxx.o(.text)
    EXTI15_10_IRQHandler                     0x0800031f   Thumb Code     0  startup_stm32f40_41xxx.o(.text)
    EXTI1_IRQHandler                         0x0800031f   Thumb Code     0  startup_stm32f40_41xxx.o(.text)
    EXTI2_IRQHandler                         0x0800031f   Thumb Code     0  startup_stm32f40_41xxx.o(.text)
    EXTI3_IRQHandler                         0x0800031f   Thumb Code     0  startup_stm32f40_41xxx.o(.text)
    EXTI4_IRQHandler                         0x0800031f   Thumb Code     0  startup_stm32f40_41xxx.o(.text)
    EXTI9_5_IRQHandler                       0x0800031f   Thumb Code     0  startup_stm32f40_41xxx.o(.text)
    FLASH_IRQHandler                         0x0800031f   Thumb Code     0  startup_stm32f40_41xxx.o(.text)
    FPU_IRQHandler                           0x0800031f   Thumb Code     0  startup_stm32f40_41xxx.o(.text)
    FSMC_IRQHandler                          0x0800031f   Thumb Code     0  startup_stm32f40_41xxx.o(.text)
    HASH_RNG_IRQHandler                      0x0800031f   Thumb Code     0  startup_stm32f40_41xxx.o(.text)
    I2C1_ER_IRQHandler                       0x0800031f   Thumb Code     0  startup_stm32f40_41xxx.o(.text)
    I2C1_EV_IRQHandler                       0x0800031f   Thumb Code     0  startup_stm32f40_41xxx.o(.text)
    I2C2_ER_IRQHandler                       0x0800031f   Thumb Code     0  startup_stm32f40_41xxx.o(.text)
    I2C2_EV_IRQHandler                       0x0800031f   Thumb Code     0  startup_stm32f40_41xxx.o(.text)
    I2C3_ER_IRQHandler                       0x0800031f   Thumb Code     0  startup_stm32f40_41xxx.o(.text)
    I2C3_EV_IRQHandler                       0x0800031f   Thumb Code     0  startup_stm32f40_41xxx.o(.text)
    OTG_FS_IRQHandler                        0x0800031f   Thumb Code     0  startup_stm32f40_41xxx.o(.text)
    OTG_FS_WKUP_IRQHandler                   0x0800031f   Thumb Code     0  startup_stm32f40_41xxx.o(.text)
    OTG_HS_EP1_IN_IRQHandler                 0x0800031f   Thumb Code     0  startup_stm32f40_41xxx.o(.text)
    OTG_HS_EP1_OUT_IRQHandler                0x0800031f   Thumb Code     0  startup_stm32f40_41xxx.o(.text)
    OTG_HS_IRQHandler                        0x0800031f   Thumb Code     0  startup_stm32f40_41xxx.o(.text)
    OTG_HS_WKUP_IRQHandler                   0x0800031f   Thumb Code     0  startup_stm32f40_41xxx.o(.text)
    PVD_IRQHandler                           0x0800031f   Thumb Code     0  startup_stm32f40_41xxx.o(.text)
    RCC_IRQHandler                           0x0800031f   Thumb Code     0  startup_stm32f40_41xxx.o(.text)
    RTC_Alarm_IRQHandler                     0x0800031f   Thumb Code     0  startup_stm32f40_41xxx.o(.text)
    RTC_WKUP_IRQHandler                      0x0800031f   Thumb Code     0  startup_stm32f40_41xxx.o(.text)
    SDIO_IRQHandler                          0x0800031f   Thumb Code     0  startup_stm32f40_41xxx.o(.text)
    SPI1_IRQHandler                          0x0800031f   Thumb Code     0  startup_stm32f40_41xxx.o(.text)
    SPI2_IRQHandler                          0x0800031f   Thumb Code     0  startup_stm32f40_41xxx.o(.text)
    SPI3_IRQHandler                          0x0800031f   Thumb Code     0  startup_stm32f40_41xxx.o(.text)
    TAMP_STAMP_IRQHandler                    0x0800031f   Thumb Code     0  startup_stm32f40_41xxx.o(.text)
    TIM1_BRK_TIM9_IRQHandler                 0x0800031f   Thumb Code     0  startup_stm32f40_41xxx.o(.text)
    TIM1_CC_IRQHandler                       0x0800031f   Thumb Code     0  startup_stm32f40_41xxx.o(.text)
    TIM1_TRG_COM_TIM11_IRQHandler            0x0800031f   Thumb Code     0  startup_stm32f40_41xxx.o(.text)
    TIM1_UP_TIM10_IRQHandler                 0x0800031f   Thumb Code     0  startup_stm32f40_41xxx.o(.text)
    TIM2_IRQHandler                          0x0800031f   Thumb Code     0  startup_stm32f40_41xxx.o(.text)
    TIM3_IRQHandler                          0x0800031f   Thumb Code     0  startup_stm32f40_41xxx.o(.text)
    TIM4_IRQHandler                          0x0800031f   Thumb Code     0  startup_stm32f40_41xxx.o(.text)
    TIM5_IRQHandler                          0x0800031f   Thumb Code     0  startup_stm32f40_41xxx.o(.text)
    TIM8_BRK_TIM12_IRQHandler                0x0800031f   Thumb Code     0  startup_stm32f40_41xxx.o(.text)
    TIM8_CC_IRQHandler                       0x0800031f   Thumb Code     0  startup_stm32f40_41xxx.o(.text)
    TIM8_TRG_COM_TIM14_IRQHandler            0x0800031f   Thumb Code     0  startup_stm32f40_41xxx.o(.text)
    TIM8_UP_TIM13_IRQHandler                 0x0800031f   Thumb Code     0  startup_stm32f40_41xxx.o(.text)
    WWDG_IRQHandler                          0x0800031f   Thumb Code     0  startup_stm32f40_41xxx.o(.text)
    __user_initial_stackheap                 0x08000321   Thumb Code     0  startup_stm32f40_41xxx.o(.text)
    __use_no_semihosting                     0x08000345   Thumb Code     2  use_no_semi_2.o(.text)
    __2printf                                0x08000349   Thumb Code    20  __2printf.o(.text)
    __2sprintf                               0x08000361   Thumb Code    38  __2sprintf.o(.text)
    _printf_pre_padding                      0x0800038d   Thumb Code    44  _printf_pad.o(.text)
    _printf_post_padding                     0x080003b9   Thumb Code    34  _printf_pad.o(.text)
    _printf_str                              0x080003db   Thumb Code    82  _printf_str.o(.text)
    _printf_int_dec                          0x0800042d   Thumb Code   104  _printf_dec.o(.text)
    _printf_int_hex                          0x080004a5   Thumb Code    84  _printf_hex_int.o(.text)
    _printf_longlong_hex                     0x080004a5   Thumb Code     0  _printf_hex_int.o(.text)
    __printf                                 0x080004fd   Thumb Code   388  __printf_flags_ss_wp.o(.text)
    strlen                                   0x08000685   Thumb Code    62  strlen.o(.text)
    __aeabi_memcpy                           0x080006c3   Thumb Code     0  rt_memcpy_v6.o(.text)
    __rt_memcpy                              0x080006c3   Thumb Code   138  rt_memcpy_v6.o(.text)
    _memcpy_lastbytes                        0x08000729   Thumb Code     0  rt_memcpy_v6.o(.text)
    __aeabi_memset                           0x0800074d   Thumb Code    16  aeabi_memset.o(.text)
    __aeabi_memclr                           0x0800075d   Thumb Code     0  rt_memclr.o(.text)
    __rt_memclr                              0x0800075d   Thumb Code    68  rt_memclr.o(.text)
    _memset                                  0x08000761   Thumb Code     0  rt_memclr.o(.text)
    __aeabi_memclr4                          0x080007a1   Thumb Code     0  rt_memclr_w.o(.text)
    __aeabi_memclr8                          0x080007a1   Thumb Code     0  rt_memclr_w.o(.text)
    __rt_memclr_w                            0x080007a1   Thumb Code    78  rt_memclr_w.o(.text)
    _memset_w                                0x080007a5   Thumb Code     0  rt_memclr_w.o(.text)
    __use_two_region_memory                  0x080007ef   Thumb Code     2  heapauxi.o(.text)
    __rt_heap_escrow$2region                 0x080007f1   Thumb Code     2  heapauxi.o(.text)
    __rt_heap_expand$2region                 0x080007f3   Thumb Code     2  heapauxi.o(.text)
    __I$use$semihosting                      0x080007f5   Thumb Code     0  use_no_semi.o(.text)
    __use_no_semihosting_swi                 0x080007f5   Thumb Code     2  use_no_semi.o(.text)
    _printf_int_common                       0x080007f7   Thumb Code   178  _printf_intcommon.o(.text)
    _printf_char_common                      0x080008b3   Thumb Code    32  _printf_char_common.o(.text)
    _sputc                                   0x080008d9   Thumb Code    10  _sputc.o(.text)
    _printf_cs_common                        0x080008e3   Thumb Code    20  _printf_char.o(.text)
    _printf_char                             0x080008f7   Thumb Code    16  _printf_char.o(.text)
    _printf_string                           0x08000907   Thumb Code     8  _printf_char.o(.text)
    _printf_char_file                        0x08000911   Thumb Code    32  _printf_char_file.o(.text)
    __aeabi_memcpy4                          0x08000935   Thumb Code     0  rt_memcpy_w.o(.text)
    __aeabi_memcpy8                          0x08000935   Thumb Code     0  rt_memcpy_w.o(.text)
    __rt_memcpy_w                            0x08000935   Thumb Code   100  rt_memcpy_w.o(.text)
    _memcpy_lastbytes_aligned                0x0800097d   Thumb Code     0  rt_memcpy_w.o(.text)
    ferror                                   0x08000999   Thumb Code     8  ferror.o(.text)
    __user_setup_stackheap                   0x080009a1   Thumb Code    74  sys_stackheap_outer.o(.text)
    exit                                     0x080009eb   Thumb Code    18  exit.o(.text)
    __user_libspace                          0x080009fd   Thumb Code     8  libspace.o(.text)
    __user_perproc_libspace                  0x080009fd   Thumb Code     0  libspace.o(.text)
    __user_perthread_libspace                0x080009fd   Thumb Code     0  libspace.o(.text)
    ADC_Cmd                                  0x08000a05   Thumb Code    22  stm32f4xx_adc.o(i.ADC_Cmd)
    ADC_CommonInit                           0x08000a1d   Thumb Code    34  stm32f4xx_adc.o(i.ADC_CommonInit)
    ADC_Init                                 0x08000a4d   Thumb Code    74  stm32f4xx_adc.o(i.ADC_Init)
    ADC_RegularChannelConfig                 0x08000aa1   Thumb Code   184  stm32f4xx_adc.o(i.ADC_RegularChannelConfig)
    Backward                                 0x08000b59   Thumb Code    28  motor.o(i.Backward)
    BusFault_Handler                         0x08000b75   Thumb Code     4  stm32f4xx_it.o(i.BusFault_Handler)
    Close_Top                                0x08000b79   Thumb Code    14  motor.o(i.Close_Top)
    DebugMon_Handler                         0x08000b87   Thumb Code     2  stm32f4xx_it.o(i.DebugMon_Handler)
    Forward                                  0x08000b89   Thumb Code    28  motor.o(i.Forward)
    GPIO_Init                                0x08000ba5   Thumb Code   144  stm32f4xx_gpio.o(i.GPIO_Init)
    GPIO_PinAFConfig                         0x08000c35   Thumb Code    70  stm32f4xx_gpio.o(i.GPIO_PinAFConfig)
    GPIO_ResetBits                           0x08000c7b   Thumb Code     6  stm32f4xx_gpio.o(i.GPIO_ResetBits)
    GPIO_SetBits                             0x08000c81   Thumb Code     4  stm32f4xx_gpio.o(i.GPIO_SetBits)
    Get_Yaw                                  0x08000c85   Thumb Code    52  imu.o(i.Get_Yaw)
    HardFault_Handler                        0x08000cb9   Thumb Code     4  stm32f4xx_it.o(i.HardFault_Handler)
    I2C_readreg                              0x08000cbd   Thumb Code   190  myiic.o(i.I2C_readreg)
    IIC_Ack                                  0x08000d7d   Thumb Code    66  myiic.o(i.IIC_Ack)
    IIC_Init                                 0x08000dcd   Thumb Code    60  myiic.o(i.IIC_Init)
    IIC_NAck                                 0x08000e15   Thumb Code    66  myiic.o(i.IIC_NAck)
    IIC_Read_Byte                            0x08000e65   Thumb Code    94  myiic.o(i.IIC_Read_Byte)
    IIC_Send_Byte                            0x08000ed1   Thumb Code    90  myiic.o(i.IIC_Send_Byte)
    IIC_Start                                0x08000f39   Thumb Code    64  myiic.o(i.IIC_Start)
    IIC_Stop                                 0x08000f85   Thumb Code    62  myiic.o(i.IIC_Stop)
    IIC_Wait_Ack                             0x08000fd1   Thumb Code    82  myiic.o(i.IIC_Wait_Ack)
    IMU_Task                                 0x08001031   Thumb Code    12  main.o(i.IMU_Task)
    IMU_Tx_Task                              0x0800103d   Thumb Code    18  main.o(i.IMU_Tx_Task)
    MemManage_Handler                        0x0800104f   Thumb Code     4  stm32f4xx_it.o(i.MemManage_Handler)
    Motor_Init                               0x08001053   Thumb Code    44  motor.o(i.Motor_Init)
    Move_Task                                0x08001081   Thumb Code   240  main.o(i.Move_Task)
    Myadc_Init                               0x08001181   Thumb Code   138  adc.o(i.Myadc_Init)
    NMI_Handler                              0x08001215   Thumb Code     2  stm32f4xx_it.o(i.NMI_Handler)
    NVIC_Init                                0x08001219   Thumb Code   106  misc.o(i.NVIC_Init)
    NVIC_PriorityGroupConfig                 0x08001291   Thumb Code    10  misc.o(i.NVIC_PriorityGroupConfig)
    Open_Top                                 0x080012a5   Thumb Code    14  motor.o(i.Open_Top)
    PendSV_Handler                           0x080012b3   Thumb Code     8  stm32f4xx_it.o(i.PendSV_Handler)
    RCC_AHB1PeriphClockCmd                   0x080012bd   Thumb Code    26  stm32f4xx_rcc.o(i.RCC_AHB1PeriphClockCmd)
    RCC_APB1PeriphClockCmd                   0x080012dd   Thumb Code    26  stm32f4xx_rcc.o(i.RCC_APB1PeriphClockCmd)
    RCC_APB2PeriphClockCmd                   0x080012fd   Thumb Code    26  stm32f4xx_rcc.o(i.RCC_APB2PeriphClockCmd)
    RCC_APB2PeriphResetCmd                   0x0800131d   Thumb Code    26  stm32f4xx_rcc.o(i.RCC_APB2PeriphResetCmd)
    RCC_GetClocksFreq                        0x0800133d   Thumb Code   214  stm32f4xx_rcc.o(i.RCC_GetClocksFreq)
    SVC_Handler                              0x08001425   Thumb Code     8  stm32f4xx_it.o(i.SVC_Handler)
    Set_Motor                                0x08001519   Thumb Code   122  motor.o(i.Set_Motor)
    Set_Motor_Stop                           0x080015a9   Thumb Code    28  motor.o(i.Set_Motor_Stop)
    Sonar_Data_Filter                        0x080015d1   Thumb Code    80  move_average_filter.o(i.Sonar_Data_Filter)
    Sonar_Filter_Init                        0x08001621   Thumb Code   108  move_average_filter.o(i.Sonar_Filter_Init)
    Sonar_Get_Filter_Distanse                0x08001691   Thumb Code     6  move_average_filter.o(i.Sonar_Get_Filter_Distanse)
    Sonar_Is_Data_Valid                      0x08001697   Thumb Code    24  move_average_filter.o(i.Sonar_Is_Data_Valid)
    Sonar_Update_distanse                    0x080016af   Thumb Code     4  move_average_filter.o(i.Sonar_Update_distanse)
    Start_Task                               0x080016b5   Thumb Code   172  main.o(i.Start_Task)
    SysTick_Handler                          0x08001875   Thumb Code     8  stm32f4xx_it.o(i.SysTick_Handler)
    SystemInit                               0x0800187d   Thumb Code    88  system_stm32f4xx.o(i.SystemInit)
    TIM10_CH1_PWM_Init                       0x080018e5   Thumb Code   158  pwm.o(i.TIM10_CH1_PWM_Init)
    TIM11_CH1_PWM_Init                       0x0800198d   Thumb Code   158  pwm.o(i.TIM11_CH1_PWM_Init)
    TIM13_CH1_PWM_Init                       0x08001a35   Thumb Code   152  pwm.o(i.TIM13_CH1_PWM_Init)
    TIM6_DAC_IRQHandler                      0x08001ad5   Thumb Code   332  timer.o(i.TIM6_DAC_IRQHandler)
    TIM7_IRQHandler                          0x08001c6d   Thumb Code    32  timer.o(i.TIM7_IRQHandler)
    TIM_ARRPreloadConfig                     0x08001c95   Thumb Code    24  stm32f4xx_tim.o(i.TIM_ARRPreloadConfig)
    TIM_ClearFlag                            0x08001cad   Thumb Code     6  stm32f4xx_tim.o(i.TIM_ClearFlag)
    TIM_ClearITPendingBit                    0x08001cb3   Thumb Code     6  stm32f4xx_tim.o(i.TIM_ClearITPendingBit)
    TIM_Cmd                                  0x08001cb9   Thumb Code    24  stm32f4xx_tim.o(i.TIM_Cmd)
    TIM_GetCounter                           0x08001cd1   Thumb Code     6  stm32f4xx_tim.o(i.TIM_GetCounter)
    TIM_GetFlagStatus                        0x08001cd7   Thumb Code    18  stm32f4xx_tim.o(i.TIM_GetFlagStatus)
    TIM_GetITStatus                          0x08001ce9   Thumb Code    34  stm32f4xx_tim.o(i.TIM_GetITStatus)
    TIM_ITConfig                             0x08001d0b   Thumb Code    18  stm32f4xx_tim.o(i.TIM_ITConfig)
    TIM_OC1Init                              0x08001d5d   Thumb Code   114  stm32f4xx_tim.o(i.TIM_OC1Init)
    TIM_OC1PreloadConfig                     0x08001dd9   Thumb Code    18  stm32f4xx_tim.o(i.TIM_OC1PreloadConfig)
    TIM_SetCompare1                          0x08001deb   Thumb Code     4  stm32f4xx_tim.o(i.TIM_SetCompare1)
    TIM_TimeBaseInit                         0x08001df1   Thumb Code   104  stm32f4xx_tim.o(i.TIM_TimeBaseInit)
    TIMx_Configuration                       0x08001e75   Thumb Code    12  timer.o(i.TIMx_Configuration)
    Turn_Left                                0x08001ea3   Thumb Code    28  motor.o(i.Turn_Left)
    Turn_Right                               0x08001ebf   Thumb Code    28  motor.o(i.Turn_Right)
    UART1_SendByte                           0x08001edd   Thumb Code    28  usart.o(i.UART1_SendByte)
    UART1_printf                             0x08001efd   Thumb Code    42  usart.o(i.UART1_printf)
    UART1_rxCallback                         0x08001f2d   Thumb Code   146  main.o(i.UART1_rxCallback)
    UART2_SendByte                           0x08001fc9   Thumb Code    28  usart.o(i.UART2_SendByte)
    UART2_rxCallback                         0x08001fe9   Thumb Code    60  main.o(i.UART2_rxCallback)
    UART3_rxCallback                         0x0800202d   Thumb Code   146  main.o(i.UART3_rxCallback)
    UART4_IRQHandler                         0x080020c9   Thumb Code    78  usart.o(i.UART4_IRQHandler)
    UART4_SendByte                           0x08002129   Thumb Code    28  usart.o(i.UART4_SendByte)
    UART4_rxCallback                         0x08002149   Thumb Code    60  main.o(i.UART4_rxCallback)
    UART5_IRQHandler                         0x0800218d   Thumb Code    78  usart.o(i.UART5_IRQHandler)
    UART5_SendByte                           0x080021ed   Thumb Code    28  usart.o(i.UART5_SendByte)
    UART5_rxCallback                         0x0800220d   Thumb Code    60  main.o(i.UART5_rxCallback)
    UART6_rxCallback                         0x08002251   Thumb Code    60  main.o(i.UART6_rxCallback)
    USART1_IRQHandler                        0x08002295   Thumb Code    78  usart.o(i.USART1_IRQHandler)
    USART2_IRQHandler                        0x080022f5   Thumb Code    78  usart.o(i.USART2_IRQHandler)
    USART3_IRQHandler                        0x08002355   Thumb Code    78  usart.o(i.USART3_IRQHandler)
    USART6_IRQHandler                        0x080023b5   Thumb Code    78  usart.o(i.USART6_IRQHandler)
    USART6_SendByte                          0x08002415   Thumb Code    28  usart.o(i.USART6_SendByte)
    USART_Cmd                                0x08002435   Thumb Code    24  stm32f4xx_usart.o(i.USART_Cmd)
    USART_GetFlagStatus                      0x0800244d   Thumb Code    26  stm32f4xx_usart.o(i.USART_GetFlagStatus)
    USART_GetITStatus                        0x08002467   Thumb Code    84  stm32f4xx_usart.o(i.USART_GetITStatus)
    USART_ITConfig                           0x080024bb   Thumb Code    74  stm32f4xx_usart.o(i.USART_ITConfig)
    USART_Init                               0x08002505   Thumb Code   204  stm32f4xx_usart.o(i.USART_Init)
    USART_ReceiveData                        0x080025d9   Thumb Code    10  stm32f4xx_usart.o(i.USART_ReceiveData)
    USART_SendData                           0x080025e3   Thumb Code     8  stm32f4xx_usart.o(i.USART_SendData)
    Uart1_init                               0x080025ed   Thumb Code   164  usart.o(i.Uart1_init)
    Uart2_init                               0x08002699   Thumb Code   164  usart.o(i.Uart2_init)
    Uart3_init                               0x08002745   Thumb Code   164  usart.o(i.Uart3_init)
    Uart4_init                               0x080027f1   Thumb Code   166  usart.o(i.Uart4_init)
    Uart5_init                               0x080028a1   Thumb Code   174  usart.o(i.Uart5_init)
    Uart6_init                               0x0800295d   Thumb Code   164  usart.o(i.Uart6_init)
    Ultrasonic_Task                          0x08002a09   Thumb Code    64  main.o(i.Ultrasonic_Task)
    UsageFault_Handler                       0x08002a51   Thumb Code     4  stm32f4xx_it.o(i.UsageFault_Handler)
    Water_Task                               0x08002a55   Thumb Code    12  main.o(i.Water_Task)
    Yaw_PID_Control                          0x08002a61   Thumb Code   204  pid.o(i.Yaw_PID_Control)
    _is_digit                                0x08002b59   Thumb Code    14  __printf_wp.o(i._is_digit)
    _sys_exit                                0x08002b67   Thumb Code     4  usart.o(i._sys_exit)
    check_sum                                0x08002b6b   Thumb Code    26  sum.o(i.check_sum)
    delay_init                               0x08002b85   Thumb Code    52  delay.o(i.delay_init)
    delay_us                                 0x08002bb9   Thumb Code    30  delay.o(i.delay_us)
    eTaskConfirmSleepModeStatus              0x08002bd9   Thumb Code    52  tasks.o(i.eTaskConfirmSleepModeStatus)
    fputc                                    0x08002c21   Thumb Code    32  usart.o(i.fputc)
    main                                     0x08002cf9   Thumb Code   124  main.o(i.main)
    motor1_control_gpio                      0x08002da9   Thumb Code    48  motor.o(i.motor1_control_gpio)
    motor2_control_gpio                      0x08002ddd   Thumb Code    48  motor.o(i.motor2_control_gpio)
    motor3_control_gpio                      0x08002e11   Thumb Code    48  motor.o(i.motor3_control_gpio)
    pvPortMalloc                             0x08003969   Thumb Code   234  heap_4.o(i.pvPortMalloc)
    pxPortInitialiseStack                    0x08003a69   Thumb Code    38  port.o(i.pxPortInitialiseStack)
    uart1_send_with_timeout                  0x08003b5d   Thumb Code    96  main.o(i.uart1_send_with_timeout)
    uxListRemove                             0x08003bc1   Thumb Code    40  list.o(i.uxListRemove)
    uxTaskGetNumberOfTasks                   0x08003be9   Thumb Code     6  tasks.o(i.uxTaskGetNumberOfTasks)
    vApplicationGetIdleTaskMemory            0x08003bf5   Thumb Code    14  tasks.o(i.vApplicationGetIdleTaskMemory)
    vApplicationGetTimerTaskMemory           0x08003c0d   Thumb Code    14  tasks.o(i.vApplicationGetTimerTaskMemory)
    vApplicationSetupTickInterrupt           0x08003c25   Thumb Code    50  port.o(i.vApplicationSetupTickInterrupt)
    vListInitialise                          0x08003c69   Thumb Code    32  list.o(i.vListInitialise)
    vListInitialiseItem                      0x08003c89   Thumb Code     6  list.o(i.vListInitialiseItem)
    vListInsert                              0x08003c8f   Thumb Code    52  list.o(i.vListInsert)
    vListInsertEnd                           0x08003cc3   Thumb Code    24  list.o(i.vListInsertEnd)
    vPortEnterCritical                       0x08003cdd   Thumb Code    30  port.o(i.vPortEnterCritical)
    vPortExitCritical                        0x08003d01   Thumb Code    28  port.o(i.vPortExitCritical)
    vPortFree                                0x08003d21   Thumb Code    68  heap_4.o(i.vPortFree)
    vPortSuppressTicksAndSleep               0x08003d6d   Thumb Code   306  port.o(i.vPortSuppressTicksAndSleep)
    vQueueWaitForMessageRestricted           0x08003eb1   Thumb Code    74  queue.o(i.vQueueWaitForMessageRestricted)
    vTaskDelay                               0x08003efd   Thumb Code    46  tasks.o(i.vTaskDelay)
    vTaskDelete                              0x08003f31   Thumb Code   160  tasks.o(i.vTaskDelete)
    vTaskInternalSetTimeOutState             0x08003fed   Thumb Code    14  tasks.o(i.vTaskInternalSetTimeOutState)
    vTaskMissedYield                         0x08004005   Thumb Code     8  tasks.o(i.vTaskMissedYield)
    vTaskPlaceOnEventList                    0x08004011   Thumb Code    28  tasks.o(i.vTaskPlaceOnEventList)
    vTaskPlaceOnEventListRestricted          0x08004031   Thumb Code    74  tasks.o(i.vTaskPlaceOnEventListRestricted)
    vTaskStartScheduler                      0x08004081   Thumb Code    70  tasks.o(i.vTaskStartScheduler)
    vTaskStepTick                            0x080040d9   Thumb Code    50  tasks.o(i.vTaskStepTick)
    vTaskSuspendAll                          0x08004119   Thumb Code    12  tasks.o(i.vTaskSuspendAll)
    vTaskSwitchContext                       0x08004129   Thumb Code   106  tasks.o(i.vTaskSwitchContext)
    xPortStartScheduler                      0x080041a9   Thumb Code    58  port.o(i.xPortStartScheduler)
    xPortSysTickHandler                      0x080041f1   Thumb Code    46  port.o(i.xPortSysTickHandler)
    xQueueGenericCreateStatic                0x08004225   Thumb Code    62  queue.o(i.xQueueGenericCreateStatic)
    xQueueGenericReset                       0x08004265   Thumb Code   156  queue.o(i.xQueueGenericReset)
    xQueueReceive                            0x08004305   Thumb Code   256  queue.o(i.xQueueReceive)
    xTaskCheckForTimeOut                     0x08004409   Thumb Code   112  tasks.o(i.xTaskCheckForTimeOut)
    xTaskCreate                              0x08004485   Thumb Code    56  tasks.o(i.xTaskCreate)
    xTaskCreateStatic                        0x080044bd   Thumb Code    64  tasks.o(i.xTaskCreateStatic)
    xTaskGetTickCount                        0x080044fd   Thumb Code     6  tasks.o(i.xTaskGetTickCount)
    xTaskIncrementTick                       0x08004509   Thumb Code   374  tasks.o(i.xTaskIncrementTick)
    xTaskPriorityDisinherit                  0x080046ad   Thumb Code   152  tasks.o(i.xTaskPriorityDisinherit)
    xTaskRemoveFromEventList                 0x0800474d   Thumb Code   264  tasks.o(i.xTaskRemoveFromEventList)
    xTaskResumeAll                           0x0800486d   Thumb Code   346  tasks.o(i.xTaskResumeAll)
    xTimerCreateTimerTask                    0x080049ed   Thumb Code    76  timers.o(i.xTimerCreateTimerTask)
    _fp_init                                 0x08004a4d   Thumb Code    10  fpinit.o(x$fpl$fpinit)
    __fplib_config_fpu_vfp                   0x08004a55   Thumb Code     0  fpinit.o(x$fpl$fpinit)
    __fplib_config_pureend_doubles           0x08004a55   Thumb Code     0  fpinit.o(x$fpl$fpinit)
    Region$$Table$$Base                      0x08004aa4   Number         0  anon$$obj.o(Region$$Table)
    Region$$Table$$Limit                     0x08004ac4   Number         0  anon$$obj.o(Region$$Table)
    __stdout                                 0x20000010   Data           4  usart.o(.data)
    UART1_RcvCnt                             0x20000014   Data           2  usart.o(.data)
    timerRcvCnt1                             0x20000018   Data           4  usart.o(.data)
    UART2_RcvCnt                             0x2000001c   Data           2  usart.o(.data)
    timerRcvCnt2                             0x20000020   Data           4  usart.o(.data)
    UART3_RcvCnt                             0x20000024   Data           2  usart.o(.data)
    timerRcvCnt3                             0x20000028   Data           4  usart.o(.data)
    UART4_RcvCnt                             0x2000002c   Data           2  usart.o(.data)
    timerRcvCnt4                             0x20000030   Data           4  usart.o(.data)
    UART5_RcvCnt                             0x20000034   Data           2  usart.o(.data)
    timerRcvCnt5                             0x20000038   Data           4  usart.o(.data)
    UART6_RcvCnt                             0x2000003c   Data           2  usart.o(.data)
    timerRcvCnt6                             0x20000040   Data           4  usart.o(.data)
    PID_PWM                                  0x20000044   Data           4  main.o(.data)
    imu_yaw                                  0x20000048   Data           4  main.o(.data)
    sonic_uart2                              0x2000004c   Data           2  main.o(.data)
    sonic_uart4                              0x2000004e   Data           2  main.o(.data)
    sonic_uart5                              0x20000050   Data           2  main.o(.data)
    sonic_uart6                              0x20000052   Data           2  main.o(.data)
    Left_Motor_Speed_Global                  0x20000054   Data           1  main.o(.data)
    Right_Motor_Speed_Global                 0x20000055   Data           1  main.o(.data)
    Top_Motor_Speed_Global                   0x20000056   Data           1  main.o(.data)
    BLE_Update_Flag                          0x20000057   Data           1  main.o(.data)
    BLE_Moter_Flag                           0x20000058   Data           1  main.o(.data)
    Start_Task_Handler                       0x2000005c   Data           4  main.o(.data)
    Water_Task_Handler                       0x20000060   Data           4  main.o(.data)
    Ultrasonic_Task_Handler                  0x20000064   Data           4  main.o(.data)
    Ultrasonic_Process_Task_Handler          0x20000068   Data           4  main.o(.data)
    Move_Task_Handler                        0x2000006c   Data           4  main.o(.data)
    IMU_Task_Handler                         0x20000070   Data           4  main.o(.data)
    IMU_Tx_Task_Handler                      0x20000074   Data           4  main.o(.data)
    MAF_Task_Handler                         0x20000078   Data           4  main.o(.data)
    Target                                   0x2000007c   Data           4  pid.o(.data)
    Actual                                   0x20000080   Data           4  pid.o(.data)
    Out                                      0x20000084   Data           4  pid.o(.data)
    Kp                                       0x20000088   Data           4  pid.o(.data)
    Ki                                       0x2000008c   Data           4  pid.o(.data)
    Kd                                       0x20000090   Data           4  pid.o(.data)
    Error0                                   0x20000094   Data           4  pid.o(.data)
    Error1                                   0x20000098   Data           4  pid.o(.data)
    ErrorInt                                 0x2000009c   Data           4  pid.o(.data)
    pxCurrentTCB                             0x200000a0   Data           4  tasks.o(.data)
    UART1_FrameBuff                          0x20000120   Data         255  usart.o(.bss)
    UART2_FrameBuff                          0x2000021f   Data         255  usart.o(.bss)
    UART3_FrameBuff                          0x2000031e   Data         255  usart.o(.bss)
    UART4_FrameBuff                          0x2000041d   Data         255  usart.o(.bss)
    UART5_FrameBuff                          0x2000051c   Data         255  usart.o(.bss)
    UART6_FrameBuff                          0x2000061b   Data         255  usart.o(.bss)
    Sonar_Front_uart6                        0x2000071c   Data          20  move_average_filter.o(.bss)
    Sonar_Back_uart5                         0x20000730   Data          20  move_average_filter.o(.bss)
    Sonar_Front_uart4                        0x20000744   Data          20  move_average_filter.o(.bss)
    Sonar_Back_uart2                         0x20000758   Data          20  move_average_filter.o(.bss)
    __libspace_start                         0x20014e50   Data          96  libspace.o(.bss)
    __temporary_stack_top$libspace           0x20014eb0   Data           0  libspace.o(.bss)



==============================================================================

Memory Map of the image

  Image Entry point : 0x08000189

  Load Region LR_IROM1 (Base: 0x08000000, Size: 0x00004be4, Max: 0x00100000, ABSOLUTE)

    Execution Region ER_IROM1 (Exec base: 0x08000000, Load base: 0x08000000, Size: 0x00004ac4, Max: 0x00100000, ABSOLUTE)

    Exec Addr    Load Addr    Size         Type   Attr      Idx    E Section Name        Object

    0x08000000   0x08000000   0x00000188   Data   RO            3    RESET               startup_stm32f40_41xxx.o
    0x08000188   0x08000188   0x00000008   Code   RO         7340  * !!!main             c_w.l(__main.o)
    0x08000190   0x08000190   0x00000034   Code   RO         7514    !!!scatter          c_w.l(__scatter.o)
    0x080001c4   0x080001c4   0x0000001a   Code   RO         7516    !!handler_copy      c_w.l(__scatter_copy.o)
    0x080001de   0x080001de   0x00000002   PAD
    0x080001e0   0x080001e0   0x0000001c   Code   RO         7518    !!handler_zi        c_w.l(__scatter_zi.o)
    0x080001fc   0x080001fc   0x00000000   Code   RO         7327    .ARM.Collect$$_printf_percent$$00000000  c_w.l(_printf_percent.o)
    0x080001fc   0x080001fc   0x00000006   Code   RO         7325    .ARM.Collect$$_printf_percent$$00000009  c_w.l(_printf_d.o)
    0x08000202   0x08000202   0x00000006   Code   RO         7326    .ARM.Collect$$_printf_percent$$0000000A  c_w.l(_printf_u.o)
    0x08000208   0x08000208   0x00000006   Code   RO         7324    .ARM.Collect$$_printf_percent$$0000000C  c_w.l(_printf_x.o)
    0x0800020e   0x0800020e   0x00000006   Code   RO         7323    .ARM.Collect$$_printf_percent$$00000014  c_w.l(_printf_s.o)
    0x08000214   0x08000214   0x00000004   Code   RO         7355    .ARM.Collect$$_printf_percent$$00000017  c_w.l(_printf_percent_end.o)
    0x08000218   0x08000218   0x00000002   Code   RO         7388    .ARM.Collect$$libinit$$00000000  c_w.l(libinit.o)
    0x0800021a   0x0800021a   0x00000004   Code   RO         7394    .ARM.Collect$$libinit$$00000001  c_w.l(libinit2.o)
    0x0800021e   0x0800021e   0x00000000   Code   RO         7397    .ARM.Collect$$libinit$$00000004  c_w.l(libinit2.o)
    0x0800021e   0x0800021e   0x00000000   Code   RO         7400    .ARM.Collect$$libinit$$0000000A  c_w.l(libinit2.o)
    0x0800021e   0x0800021e   0x00000000   Code   RO         7402    .ARM.Collect$$libinit$$0000000C  c_w.l(libinit2.o)
    0x0800021e   0x0800021e   0x00000000   Code   RO         7404    .ARM.Collect$$libinit$$0000000E  c_w.l(libinit2.o)
    0x0800021e   0x0800021e   0x00000000   Code   RO         7407    .ARM.Collect$$libinit$$00000011  c_w.l(libinit2.o)
    0x0800021e   0x0800021e   0x00000000   Code   RO         7409    .ARM.Collect$$libinit$$00000013  c_w.l(libinit2.o)
    0x0800021e   0x0800021e   0x00000000   Code   RO         7411    .ARM.Collect$$libinit$$00000015  c_w.l(libinit2.o)
    0x0800021e   0x0800021e   0x00000000   Code   RO         7413    .ARM.Collect$$libinit$$00000017  c_w.l(libinit2.o)
    0x0800021e   0x0800021e   0x00000000   Code   RO         7415    .ARM.Collect$$libinit$$00000019  c_w.l(libinit2.o)
    0x0800021e   0x0800021e   0x00000000   Code   RO         7417    .ARM.Collect$$libinit$$0000001B  c_w.l(libinit2.o)
    0x0800021e   0x0800021e   0x00000000   Code   RO         7419    .ARM.Collect$$libinit$$0000001D  c_w.l(libinit2.o)
    0x0800021e   0x0800021e   0x00000000   Code   RO         7421    .ARM.Collect$$libinit$$0000001F  c_w.l(libinit2.o)
    0x0800021e   0x0800021e   0x00000000   Code   RO         7423    .ARM.Collect$$libinit$$00000021  c_w.l(libinit2.o)
    0x0800021e   0x0800021e   0x00000000   Code   RO         7425    .ARM.Collect$$libinit$$00000023  c_w.l(libinit2.o)
    0x0800021e   0x0800021e   0x00000000   Code   RO         7427    .ARM.Collect$$libinit$$00000025  c_w.l(libinit2.o)
    0x0800021e   0x0800021e   0x00000000   Code   RO         7431    .ARM.Collect$$libinit$$0000002C  c_w.l(libinit2.o)
    0x0800021e   0x0800021e   0x00000000   Code   RO         7433    .ARM.Collect$$libinit$$0000002E  c_w.l(libinit2.o)
    0x0800021e   0x0800021e   0x00000000   Code   RO         7435    .ARM.Collect$$libinit$$00000030  c_w.l(libinit2.o)
    0x0800021e   0x0800021e   0x00000000   Code   RO         7437    .ARM.Collect$$libinit$$00000032  c_w.l(libinit2.o)
    0x0800021e   0x0800021e   0x00000002   Code   RO         7438    .ARM.Collect$$libinit$$00000033  c_w.l(libinit2.o)
    0x08000220   0x08000220   0x00000002   Code   RO         7456    .ARM.Collect$$libshutdown$$00000000  c_w.l(libshutdown.o)
    0x08000222   0x08000222   0x00000000   Code   RO         7466    .ARM.Collect$$libshutdown$$00000002  c_w.l(libshutdown2.o)
    0x08000222   0x08000222   0x00000000   Code   RO         7468    .ARM.Collect$$libshutdown$$00000004  c_w.l(libshutdown2.o)
    0x08000222   0x08000222   0x00000000   Code   RO         7471    .ARM.Collect$$libshutdown$$00000007  c_w.l(libshutdown2.o)
    0x08000222   0x08000222   0x00000000   Code   RO         7474    .ARM.Collect$$libshutdown$$0000000A  c_w.l(libshutdown2.o)
    0x08000222   0x08000222   0x00000000   Code   RO         7476    .ARM.Collect$$libshutdown$$0000000C  c_w.l(libshutdown2.o)
    0x08000222   0x08000222   0x00000000   Code   RO         7479    .ARM.Collect$$libshutdown$$0000000F  c_w.l(libshutdown2.o)
    0x08000222   0x08000222   0x00000002   Code   RO         7480    .ARM.Collect$$libshutdown$$00000010  c_w.l(libshutdown2.o)
    0x08000224   0x08000224   0x00000000   Code   RO         7344    .ARM.Collect$$rtentry$$00000000  c_w.l(__rtentry.o)
    0x08000224   0x08000224   0x00000000   Code   RO         7359    .ARM.Collect$$rtentry$$00000002  c_w.l(__rtentry2.o)
    0x08000224   0x08000224   0x00000006   Code   RO         7371    .ARM.Collect$$rtentry$$00000004  c_w.l(__rtentry4.o)
    0x0800022a   0x0800022a   0x00000000   Code   RO         7361    .ARM.Collect$$rtentry$$00000009  c_w.l(__rtentry2.o)
    0x0800022a   0x0800022a   0x00000004   Code   RO         7362    .ARM.Collect$$rtentry$$0000000A  c_w.l(__rtentry2.o)
    0x0800022e   0x0800022e   0x00000000   Code   RO         7364    .ARM.Collect$$rtentry$$0000000C  c_w.l(__rtentry2.o)
    0x0800022e   0x0800022e   0x00000008   Code   RO         7365    .ARM.Collect$$rtentry$$0000000D  c_w.l(__rtentry2.o)
    0x08000236   0x08000236   0x00000002   Code   RO         7392    .ARM.Collect$$rtexit$$00000000  c_w.l(rtexit.o)
    0x08000238   0x08000238   0x00000000   Code   RO         7440    .ARM.Collect$$rtexit$$00000002  c_w.l(rtexit2.o)
    0x08000238   0x08000238   0x00000004   Code   RO         7441    .ARM.Collect$$rtexit$$00000003  c_w.l(rtexit2.o)
    0x0800023c   0x0800023c   0x00000006   Code   RO         7442    .ARM.Collect$$rtexit$$00000004  c_w.l(rtexit2.o)
    0x08000242   0x08000242   0x00000002   PAD
    0x08000244   0x08000244   0x000000be   Code   RO         7109    .emb_text           port.o
    0x08000302   0x08000302   0x00000002   PAD
    0x08000304   0x08000304   0x00000040   Code   RO            4    .text               startup_stm32f40_41xxx.o
    0x08000344   0x08000344   0x00000002   Code   RO         7264    .text               c_w.l(use_no_semi_2.o)
    0x08000346   0x08000346   0x00000002   PAD
    0x08000348   0x08000348   0x00000018   Code   RO         7266    .text               c_w.l(__2printf.o)
    0x08000360   0x08000360   0x0000002c   Code   RO         7268    .text               c_w.l(__2sprintf.o)
    0x0800038c   0x0800038c   0x0000004e   Code   RO         7276    .text               c_w.l(_printf_pad.o)
    0x080003da   0x080003da   0x00000052   Code   RO         7278    .text               c_w.l(_printf_str.o)
    0x0800042c   0x0800042c   0x00000078   Code   RO         7280    .text               c_w.l(_printf_dec.o)
    0x080004a4   0x080004a4   0x00000058   Code   RO         7285    .text               c_w.l(_printf_hex_int.o)
    0x080004fc   0x080004fc   0x00000188   Code   RO         7320    .text               c_w.l(__printf_flags_ss_wp.o)
    0x08000684   0x08000684   0x0000003e   Code   RO         7328    .text               c_w.l(strlen.o)
    0x080006c2   0x080006c2   0x0000008a   Code   RO         7330    .text               c_w.l(rt_memcpy_v6.o)
    0x0800074c   0x0800074c   0x00000010   Code   RO         7332    .text               c_w.l(aeabi_memset.o)
    0x0800075c   0x0800075c   0x00000044   Code   RO         7334    .text               c_w.l(rt_memclr.o)
    0x080007a0   0x080007a0   0x0000004e   Code   RO         7336    .text               c_w.l(rt_memclr_w.o)
    0x080007ee   0x080007ee   0x00000006   Code   RO         7338    .text               c_w.l(heapauxi.o)
    0x080007f4   0x080007f4   0x00000002   Code   RO         7342    .text               c_w.l(use_no_semi.o)
    0x080007f6   0x080007f6   0x000000b2   Code   RO         7345    .text               c_w.l(_printf_intcommon.o)
    0x080008a8   0x080008a8   0x00000030   Code   RO         7347    .text               c_w.l(_printf_char_common.o)
    0x080008d8   0x080008d8   0x0000000a   Code   RO         7349    .text               c_w.l(_sputc.o)
    0x080008e2   0x080008e2   0x0000002c   Code   RO         7351    .text               c_w.l(_printf_char.o)
    0x0800090e   0x0800090e   0x00000002   PAD
    0x08000910   0x08000910   0x00000024   Code   RO         7353    .text               c_w.l(_printf_char_file.o)
    0x08000934   0x08000934   0x00000064   Code   RO         7356    .text               c_w.l(rt_memcpy_w.o)
    0x08000998   0x08000998   0x00000008   Code   RO         7375    .text               c_w.l(ferror.o)
    0x080009a0   0x080009a0   0x0000004a   Code   RO         7379    .text               c_w.l(sys_stackheap_outer.o)
    0x080009ea   0x080009ea   0x00000012   Code   RO         7381    .text               c_w.l(exit.o)
    0x080009fc   0x080009fc   0x00000008   Code   RO         7389    .text               c_w.l(libspace.o)
    0x08000a04   0x08000a04   0x00000016   Code   RO          172    i.ADC_Cmd           stm32f4xx_adc.o
    0x08000a1a   0x08000a1a   0x00000002   PAD
    0x08000a1c   0x08000a1c   0x00000030   Code   RO          173    i.ADC_CommonInit    stm32f4xx_adc.o
    0x08000a4c   0x08000a4c   0x00000054   Code   RO          192    i.ADC_Init          stm32f4xx_adc.o
    0x08000aa0   0x08000aa0   0x000000b8   Code   RO          197    i.ADC_RegularChannelConfig  stm32f4xx_adc.o
    0x08000b58   0x08000b58   0x0000001c   Code   RO         4974    i.Backward          motor.o
    0x08000b74   0x08000b74   0x00000004   Code   RO         5631    i.BusFault_Handler  stm32f4xx_it.o
    0x08000b78   0x08000b78   0x0000000e   Code   RO         4975    i.Close_Top         motor.o
    0x08000b86   0x08000b86   0x00000002   Code   RO         5632    i.DebugMon_Handler  stm32f4xx_it.o
    0x08000b88   0x08000b88   0x0000001c   Code   RO         4976    i.Forward           motor.o
    0x08000ba4   0x08000ba4   0x00000090   Code   RO         1858    i.GPIO_Init         stm32f4xx_gpio.o
    0x08000c34   0x08000c34   0x00000046   Code   RO         1859    i.GPIO_PinAFConfig  stm32f4xx_gpio.o
    0x08000c7a   0x08000c7a   0x00000006   Code   RO         1865    i.GPIO_ResetBits    stm32f4xx_gpio.o
    0x08000c80   0x08000c80   0x00000004   Code   RO         1866    i.GPIO_SetBits      stm32f4xx_gpio.o
    0x08000c84   0x08000c84   0x00000034   Code   RO         5070    i.Get_Yaw           imu.o
    0x08000cb8   0x08000cb8   0x00000004   Code   RO         5633    i.HardFault_Handler  stm32f4xx_it.o
    0x08000cbc   0x08000cbc   0x000000be   Code   RO         5094    i.I2C_readreg       myiic.o
    0x08000d7a   0x08000d7a   0x00000002   PAD
    0x08000d7c   0x08000d7c   0x00000050   Code   RO         5095    i.IIC_Ack           myiic.o
    0x08000dcc   0x08000dcc   0x00000048   Code   RO         5096    i.IIC_Init          myiic.o
    0x08000e14   0x08000e14   0x00000050   Code   RO         5097    i.IIC_NAck          myiic.o
    0x08000e64   0x08000e64   0x0000006c   Code   RO         5098    i.IIC_Read_Byte     myiic.o
    0x08000ed0   0x08000ed0   0x00000068   Code   RO         5099    i.IIC_Send_Byte     myiic.o
    0x08000f38   0x08000f38   0x0000004c   Code   RO         5100    i.IIC_Start         myiic.o
    0x08000f84   0x08000f84   0x0000004c   Code   RO         5101    i.IIC_Stop          myiic.o
    0x08000fd0   0x08000fd0   0x00000060   Code   RO         5102    i.IIC_Wait_Ack      myiic.o
    0x08001030   0x08001030   0x0000000c   Code   RO         5490    i.IMU_Task          main.o
    0x0800103c   0x0800103c   0x00000012   Code   RO         5491    i.IMU_Tx_Task       main.o
    0x0800104e   0x0800104e   0x00000004   Code   RO         5634    i.MemManage_Handler  stm32f4xx_it.o
    0x08001052   0x08001052   0x0000002c   Code   RO         4977    i.Motor_Init        motor.o
    0x0800107e   0x0800107e   0x00000002   PAD
    0x08001080   0x08001080   0x00000100   Code   RO         5492    i.Move_Task         main.o
    0x08001180   0x08001180   0x00000094   Code   RO         5167    i.Myadc_Init        adc.o
    0x08001214   0x08001214   0x00000002   Code   RO         5635    i.NMI_Handler       stm32f4xx_it.o
    0x08001216   0x08001216   0x00000002   PAD
    0x08001218   0x08001218   0x00000078   Code   RO           13    i.NVIC_Init         misc.o
    0x08001290   0x08001290   0x00000014   Code   RO           14    i.NVIC_PriorityGroupConfig  misc.o
    0x080012a4   0x080012a4   0x0000000e   Code   RO         4978    i.Open_Top          motor.o
    0x080012b2   0x080012b2   0x00000008   Code   RO         5636    i.PendSV_Handler    stm32f4xx_it.o
    0x080012ba   0x080012ba   0x00000002   PAD
    0x080012bc   0x080012bc   0x00000020   Code   RO         2583    i.RCC_AHB1PeriphClockCmd  stm32f4xx_rcc.o
    0x080012dc   0x080012dc   0x00000020   Code   RO         2592    i.RCC_APB1PeriphClockCmd  stm32f4xx_rcc.o
    0x080012fc   0x080012fc   0x00000020   Code   RO         2595    i.RCC_APB2PeriphClockCmd  stm32f4xx_rcc.o
    0x0800131c   0x0800131c   0x00000020   Code   RO         2597    i.RCC_APB2PeriphResetCmd  stm32f4xx_rcc.o
    0x0800133c   0x0800133c   0x000000e8   Code   RO         2604    i.RCC_GetClocksFreq  stm32f4xx_rcc.o
    0x08001424   0x08001424   0x00000008   Code   RO         5637    i.SVC_Handler       stm32f4xx_it.o
    0x0800142c   0x0800142c   0x000000ec   Code   RO         5706    i.SetSysClock       system_stm32f4xx.o
    0x08001518   0x08001518   0x00000090   Code   RO         4980    i.Set_Motor         motor.o
    0x080015a8   0x080015a8   0x00000028   Code   RO         4981    i.Set_Motor_Stop    motor.o
    0x080015d0   0x080015d0   0x00000050   Code   RO         5803    i.Sonar_Data_Filter  move_average_filter.o
    0x08001620   0x08001620   0x00000070   Code   RO         5804    i.Sonar_Filter_Init  move_average_filter.o
    0x08001690   0x08001690   0x00000006   Code   RO         5805    i.Sonar_Get_Filter_Distanse  move_average_filter.o
    0x08001696   0x08001696   0x00000018   Code   RO         5806    i.Sonar_Is_Data_Valid  move_average_filter.o
    0x080016ae   0x080016ae   0x00000004   Code   RO         5807    i.Sonar_Update_distanse  move_average_filter.o
    0x080016b2   0x080016b2   0x00000002   PAD
    0x080016b4   0x080016b4   0x000001c0   Code   RO         5493    i.Start_Task        main.o
    0x08001874   0x08001874   0x00000008   Code   RO         5638    i.SysTick_Handler   stm32f4xx_it.o
    0x0800187c   0x0800187c   0x00000068   Code   RO         5708    i.SystemInit        system_stm32f4xx.o
    0x080018e4   0x080018e4   0x000000a8   Code   RO         4938    i.TIM10_CH1_PWM_Init  pwm.o
    0x0800198c   0x0800198c   0x000000a8   Code   RO         4939    i.TIM11_CH1_PWM_Init  pwm.o
    0x08001a34   0x08001a34   0x000000a0   Code   RO         4940    i.TIM13_CH1_PWM_Init  pwm.o
    0x08001ad4   0x08001ad4   0x00000198   Code   RO         4787    i.TIM6_DAC_IRQHandler  timer.o
    0x08001c6c   0x08001c6c   0x00000028   Code   RO         4789    i.TIM7_IRQHandler   timer.o
    0x08001c94   0x08001c94   0x00000018   Code   RO         3967    i.TIM_ARRPreloadConfig  stm32f4xx_tim.o
    0x08001cac   0x08001cac   0x00000006   Code   RO         3973    i.TIM_ClearFlag     stm32f4xx_tim.o
    0x08001cb2   0x08001cb2   0x00000006   Code   RO         3974    i.TIM_ClearITPendingBit  stm32f4xx_tim.o
    0x08001cb8   0x08001cb8   0x00000018   Code   RO         3979    i.TIM_Cmd           stm32f4xx_tim.o
    0x08001cd0   0x08001cd0   0x00000006   Code   RO         3998    i.TIM_GetCounter    stm32f4xx_tim.o
    0x08001cd6   0x08001cd6   0x00000012   Code   RO         3999    i.TIM_GetFlagStatus  stm32f4xx_tim.o
    0x08001ce8   0x08001ce8   0x00000022   Code   RO         4000    i.TIM_GetITStatus   stm32f4xx_tim.o
    0x08001d0a   0x08001d0a   0x00000012   Code   RO         4004    i.TIM_ITConfig      stm32f4xx_tim.o
    0x08001d1c   0x08001d1c   0x00000040   Code   RO         4791    i.TIM_Mode_Config   timer.o
    0x08001d5c   0x08001d5c   0x0000007c   Code   RO         4008    i.TIM_OC1Init       stm32f4xx_tim.o
    0x08001dd8   0x08001dd8   0x00000012   Code   RO         4011    i.TIM_OC1PreloadConfig  stm32f4xx_tim.o
    0x08001dea   0x08001dea   0x00000004   Code   RO         4041    i.TIM_SetCompare1   stm32f4xx_tim.o
    0x08001dee   0x08001dee   0x00000002   PAD
    0x08001df0   0x08001df0   0x00000084   Code   RO         4051    i.TIM_TimeBaseInit  stm32f4xx_tim.o
    0x08001e74   0x08001e74   0x0000000c   Code   RO         4793    i.TIMx_Configuration  timer.o
    0x08001e80   0x08001e80   0x00000022   Code   RO         4794    i.TIMx_NVIC_Configuration  timer.o
    0x08001ea2   0x08001ea2   0x0000001c   Code   RO         4982    i.Turn_Left         motor.o
    0x08001ebe   0x08001ebe   0x0000001c   Code   RO         4983    i.Turn_Right        motor.o
    0x08001eda   0x08001eda   0x00000002   PAD
    0x08001edc   0x08001edc   0x00000020   Code   RO         5312    i.UART1_SendByte    usart.o
    0x08001efc   0x08001efc   0x00000030   Code   RO         5313    i.UART1_printf      usart.o
    0x08001f2c   0x08001f2c   0x0000009c   Code   RO         5494    i.UART1_rxCallback  main.o
    0x08001fc8   0x08001fc8   0x00000020   Code   RO         5314    i.UART2_SendByte    usart.o
    0x08001fe8   0x08001fe8   0x00000044   Code   RO         5495    i.UART2_rxCallback  main.o
    0x0800202c   0x0800202c   0x0000009c   Code   RO         5496    i.UART3_rxCallback  main.o
    0x080020c8   0x080020c8   0x00000060   Code   RO         5318    i.UART4_IRQHandler  usart.o
    0x08002128   0x08002128   0x00000020   Code   RO         5319    i.UART4_SendByte    usart.o
    0x08002148   0x08002148   0x00000044   Code   RO         5497    i.UART4_rxCallback  main.o
    0x0800218c   0x0800218c   0x00000060   Code   RO         5321    i.UART5_IRQHandler  usart.o
    0x080021ec   0x080021ec   0x00000020   Code   RO         5322    i.UART5_SendByte    usart.o
    0x0800220c   0x0800220c   0x00000044   Code   RO         5498    i.UART5_rxCallback  main.o
    0x08002250   0x08002250   0x00000044   Code   RO         5499    i.UART6_rxCallback  main.o
    0x08002294   0x08002294   0x00000060   Code   RO         5323    i.USART1_IRQHandler  usart.o
    0x080022f4   0x080022f4   0x00000060   Code   RO         5324    i.USART2_IRQHandler  usart.o
    0x08002354   0x08002354   0x00000060   Code   RO         5325    i.USART3_IRQHandler  usart.o
    0x080023b4   0x080023b4   0x00000060   Code   RO         5326    i.USART6_IRQHandler  usart.o
    0x08002414   0x08002414   0x00000020   Code   RO         5327    i.USART6_SendByte   usart.o
    0x08002434   0x08002434   0x00000018   Code   RO         4533    i.USART_Cmd         stm32f4xx_usart.o
    0x0800244c   0x0800244c   0x0000001a   Code   RO         4536    i.USART_GetFlagStatus  stm32f4xx_usart.o
    0x08002466   0x08002466   0x00000054   Code   RO         4537    i.USART_GetITStatus  stm32f4xx_usart.o
    0x080024ba   0x080024ba   0x0000004a   Code   RO         4539    i.USART_ITConfig    stm32f4xx_usart.o
    0x08002504   0x08002504   0x000000d4   Code   RO         4540    i.USART_Init        stm32f4xx_usart.o
    0x080025d8   0x080025d8   0x0000000a   Code   RO         4547    i.USART_ReceiveData  stm32f4xx_usart.o
    0x080025e2   0x080025e2   0x00000008   Code   RO         4550    i.USART_SendData    stm32f4xx_usart.o
    0x080025ea   0x080025ea   0x00000002   PAD
    0x080025ec   0x080025ec   0x000000ac   Code   RO         5328    i.Uart1_init        usart.o
    0x08002698   0x08002698   0x000000ac   Code   RO         5329    i.Uart2_init        usart.o
    0x08002744   0x08002744   0x000000ac   Code   RO         5330    i.Uart3_init        usart.o
    0x080027f0   0x080027f0   0x000000b0   Code   RO         5331    i.Uart4_init        usart.o
    0x080028a0   0x080028a0   0x000000bc   Code   RO         5332    i.Uart5_init        usart.o
    0x0800295c   0x0800295c   0x000000ac   Code   RO         5333    i.Uart6_init        usart.o
    0x08002a08   0x08002a08   0x00000048   Code   RO         5501    i.Ultrasonic_Task   main.o
    0x08002a50   0x08002a50   0x00000004   Code   RO         5639    i.UsageFault_Handler  stm32f4xx_it.o
    0x08002a54   0x08002a54   0x0000000c   Code   RO         5502    i.Water_Task        main.o
    0x08002a60   0x08002a60   0x000000f8   Code   RO         5747    i.Yaw_PID_Control   pid.o
    0x08002b58   0x08002b58   0x0000000e   Code   RO         7313    i._is_digit         c_w.l(__printf_wp.o)
    0x08002b66   0x08002b66   0x00000004   Code   RO         5334    i._sys_exit         usart.o
    0x08002b6a   0x08002b6a   0x0000001a   Code   RO         5778    i.check_sum         sum.o
    0x08002b84   0x08002b84   0x00000034   Code   RO         5247    i.delay_init        delay.o
    0x08002bb8   0x08002bb8   0x0000001e   Code   RO         5250    i.delay_us          delay.o
    0x08002bd6   0x08002bd6   0x00000002   PAD
    0x08002bd8   0x08002bd8   0x00000048   Code   RO         6435    i.eTaskConfirmSleepModeStatus  tasks.o
    0x08002c20   0x08002c20   0x00000024   Code   RO         5335    i.fputc             usart.o
    0x08002c44   0x08002c44   0x0000001a   Code   RO         5503    i.imu_calc_checksum  main.o
    0x08002c5e   0x08002c5e   0x00000002   PAD
    0x08002c60   0x08002c60   0x00000098   Code   RO         5504    i.imu_format_and_send_on_uart1  main.o
    0x08002cf8   0x08002cf8   0x000000b0   Code   RO         5505    i.main              main.o
    0x08002da8   0x08002da8   0x00000034   Code   RO         4984    i.motor1_control_gpio  motor.o
    0x08002ddc   0x08002ddc   0x00000034   Code   RO         4985    i.motor2_control_gpio  motor.o
    0x08002e10   0x08002e10   0x00000034   Code   RO         4986    i.motor3_control_gpio  motor.o
    0x08002e44   0x08002e44   0x000000b8   Code   RO         6438    i.prvAddCurrentTaskToDelayedList  tasks.o
    0x08002efc   0x08002efc   0x000000f4   Code   RO         6439    i.prvAddNewTaskToReadyList  tasks.o
    0x08002ff0   0x08002ff0   0x0000005c   Code   RO         6920    i.prvCheckForValidListAndQueue  timers.o
    0x0800304c   0x0800304c   0x00000048   Code   RO         6440    i.prvCheckTasksWaitingTermination  tasks.o
    0x08003094   0x08003094   0x0000002a   Code   RO         6015    i.prvCopyDataFromQueue  queue.o
    0x080030be   0x080030be   0x0000007e   Code   RO         6016    i.prvCopyDataToQueue  queue.o
    0x0800313c   0x0800313c   0x00000088   Code   RO         6441    i.prvCreateIdleTasks  tasks.o
    0x080031c4   0x080031c4   0x0000004c   Code   RO         6442    i.prvCreateStaticTask  tasks.o
    0x08003210   0x08003210   0x0000005e   Code   RO         6443    i.prvCreateTask     tasks.o
    0x0800326e   0x0800326e   0x00000028   Code   RO         6444    i.prvDeleteTCB      tasks.o
    0x08003296   0x08003296   0x00000002   PAD
    0x08003298   0x08003298   0x00000048   Code   RO         6445    i.prvGetExpectedIdleTime  tasks.o
    0x080032e0   0x080032e0   0x00000028   Code   RO         6921    i.prvGetNextExpireTime  timers.o
    0x08003308   0x08003308   0x0000006c   Code   RO         7195    i.prvHeapInit       heap_4.o
    0x08003374   0x08003374   0x0000004c   Code   RO         6446    i.prvIdleTask       tasks.o
    0x080033c0   0x080033c0   0x0000002a   Code   RO         6019    i.prvInitialiseNewQueue  queue.o
    0x080033ea   0x080033ea   0x00000086   Code   RO         6447    i.prvInitialiseNewTask  tasks.o
    0x08003470   0x08003470   0x00000068   Code   RO         6448    i.prvInitialiseTaskLists  tasks.o
    0x080034d8   0x080034d8   0x00000068   Code   RO         7196    i.prvInsertBlockIntoFreeList  heap_4.o
    0x08003540   0x08003540   0x00000058   Code   RO         6923    i.prvInsertTimerInActiveList  timers.o
    0x08003598   0x08003598   0x0000001a   Code   RO         6020    i.prvIsQueueEmpty   queue.o
    0x080035b2   0x080035b2   0x0000005a   Code   RO         6022    i.prvNotifyQueueSetContainer  queue.o
    0x0800360c   0x0800360c   0x00000044   Code   RO         6924    i.prvProcessExpiredTimer  timers.o
    0x08003650   0x08003650   0x0000011c   Code   RO         6925    i.prvProcessReceivedCommands  timers.o
    0x0800376c   0x0800376c   0x00000074   Code   RO         6926    i.prvProcessTimerOrBlockTask  timers.o
    0x080037e0   0x080037e0   0x00000028   Code   RO         6927    i.prvReloadTimer    timers.o
    0x08003808   0x08003808   0x00000030   Code   RO         6449    i.prvResetNextTaskUnblockTime  tasks.o
    0x08003838   0x08003838   0x0000002c   Code   RO         6928    i.prvSampleTimeNow  timers.o
    0x08003864   0x08003864   0x00000044   Code   RO         6929    i.prvSwitchTimerLists  timers.o
    0x080038a8   0x080038a8   0x00000016   Code   RO         7110    i.prvTaskExitError  port.o
    0x080038be   0x080038be   0x0000001a   Code   RO         6930    i.prvTimerTask      timers.o
    0x080038d8   0x080038d8   0x00000090   Code   RO         6023    i.prvUnlockQueue    queue.o
    0x08003968   0x08003968   0x00000100   Code   RO         7198    i.pvPortMalloc      heap_4.o
    0x08003a68   0x08003a68   0x0000002c   Code   RO         7111    i.pxPortInitialiseStack  port.o
    0x08003a94   0x08003a94   0x00000070   Code   RO         5506    i.sonar_format_and_send_on_uart1  main.o
    0x08003b04   0x08003b04   0x00000058   Code   RO         5508    i.uart1_send_frame  main.o
    0x08003b5c   0x08003b5c   0x00000064   Code   RO         5509    i.uart1_send_with_timeout  main.o
    0x08003bc0   0x08003bc0   0x00000028   Code   RO         5976    i.uxListRemove      list.o
    0x08003be8   0x08003be8   0x0000000c   Code   RO         6458    i.uxTaskGetNumberOfTasks  tasks.o
    0x08003bf4   0x08003bf4   0x00000018   Code   RO         6463    i.vApplicationGetIdleTaskMemory  tasks.o
    0x08003c0c   0x08003c0c   0x00000018   Code   RO         6464    i.vApplicationGetTimerTaskMemory  tasks.o
    0x08003c24   0x08003c24   0x00000044   Code   RO         7112    i.vApplicationSetupTickInterrupt  port.o
    0x08003c68   0x08003c68   0x00000020   Code   RO         5977    i.vListInitialise   list.o
    0x08003c88   0x08003c88   0x00000006   Code   RO         5978    i.vListInitialiseItem  list.o
    0x08003c8e   0x08003c8e   0x00000034   Code   RO         5979    i.vListInsert       list.o
    0x08003cc2   0x08003cc2   0x00000018   Code   RO         5980    i.vListInsertEnd    list.o
    0x08003cda   0x08003cda   0x00000002   PAD
    0x08003cdc   0x08003cdc   0x00000024   Code   RO         7114    i.vPortEnterCritical  port.o
    0x08003d00   0x08003d00   0x00000020   Code   RO         7115    i.vPortExitCritical  port.o
    0x08003d20   0x08003d20   0x0000004c   Code   RO         7199    i.vPortFree         heap_4.o
    0x08003d6c   0x08003d6c   0x00000144   Code   RO         7116    i.vPortSuppressTicksAndSleep  port.o
    0x08003eb0   0x08003eb0   0x0000004a   Code   RO         6030    i.vQueueWaitForMessageRestricted  queue.o
    0x08003efa   0x08003efa   0x00000002   PAD
    0x08003efc   0x08003efc   0x00000034   Code   RO         6465    i.vTaskDelay        tasks.o
    0x08003f30   0x08003f30   0x000000bc   Code   RO         6466    i.vTaskDelete       tasks.o
    0x08003fec   0x08003fec   0x00000018   Code   RO         6469    i.vTaskInternalSetTimeOutState  tasks.o
    0x08004004   0x08004004   0x0000000c   Code   RO         6470    i.vTaskMissedYield  tasks.o
    0x08004010   0x08004010   0x00000020   Code   RO         6471    i.vTaskPlaceOnEventList  tasks.o
    0x08004030   0x08004030   0x00000050   Code   RO         6472    i.vTaskPlaceOnEventListRestricted  tasks.o
    0x08004080   0x08004080   0x00000058   Code   RO         6481    i.vTaskStartScheduler  tasks.o
    0x080040d8   0x080040d8   0x00000040   Code   RO         6482    i.vTaskStepTick     tasks.o
    0x08004118   0x08004118   0x00000010   Code   RO         6484    i.vTaskSuspendAll   tasks.o
    0x08004128   0x08004128   0x00000080   Code   RO         6485    i.vTaskSwitchContext  tasks.o
    0x080041a8   0x080041a8   0x00000048   Code   RO         7117    i.xPortStartScheduler  port.o
    0x080041f0   0x080041f0   0x00000034   Code   RO         7118    i.xPortSysTickHandler  port.o
    0x08004224   0x08004224   0x0000003e   Code   RO         6038    i.xQueueGenericCreateStatic  queue.o
    0x08004262   0x08004262   0x00000002   PAD
    0x08004264   0x08004264   0x000000a0   Code   RO         6040    i.xQueueGenericReset  queue.o
    0x08004304   0x08004304   0x00000104   Code   RO         6049    i.xQueueReceive     queue.o
    0x08004408   0x08004408   0x0000007c   Code   RO         6489    i.xTaskCheckForTimeOut  tasks.o
    0x08004484   0x08004484   0x00000038   Code   RO         6490    i.xTaskCreate       tasks.o
    0x080044bc   0x080044bc   0x00000040   Code   RO         6491    i.xTaskCreateStatic  tasks.o
    0x080044fc   0x080044fc   0x0000000c   Code   RO         6506    i.xTaskGetTickCount  tasks.o
    0x08004508   0x08004508   0x000001a4   Code   RO         6508    i.xTaskIncrementTick  tasks.o
    0x080046ac   0x080046ac   0x000000a0   Code   RO         6509    i.xTaskPriorityDisinherit  tasks.o
    0x0800474c   0x0800474c   0x00000120   Code   RO         6511    i.xTaskRemoveFromEventList  tasks.o
    0x0800486c   0x0800486c   0x00000180   Code   RO         6512    i.xTaskResumeAll    tasks.o
    0x080049ec   0x080049ec   0x00000060   Code   RO         6938    i.xTimerCreateTimerTask  timers.o
    0x08004a4c   0x08004a4c   0x0000000a   Code   RO         7448    x$fpl$fpinit        fz_wm.l(fpinit.o)
    0x08004a56   0x08004a56   0x00000002   PAD
    0x08004a58   0x08004a58   0x00000010   Data   RO         5809    .constdata          move_average_filter.o
    0x08004a68   0x08004a68   0x00000028   Data   RO         7286    .constdata          c_w.l(_printf_hex_int.o)
    0x08004a90   0x08004a90   0x00000011   Data   RO         7321    .constdata          c_w.l(__printf_flags_ss_wp.o)
    0x08004aa1   0x08004aa1   0x00000003   PAD
    0x08004aa4   0x08004aa4   0x00000020   Data   RO         7512    Region$$Table       anon$$obj.o


    Execution Region RW_IRAM1 (Exec base: 0x20000000, Load base: 0x08004ac4, Size: 0x00016eb0, Max: 0x00020000, ABSOLUTE)

    Exec Addr    Load Addr    Size         Type   Attr      Idx    E Section Name        Object

    0x20000000   0x08004ac4   0x00000010   Data   RW         2636    .data               stm32f4xx_rcc.o
    0x20000010   0x08004ad4   0x00000034   Data   RW         5337    .data               usart.o
    0x20000044   0x08004b08   0x00000038   Data   RW         5510    .data               main.o
    0x2000007c   0x08004b40   0x00000024   Data   RW         5748    .data               pid.o
    0x200000a0   0x08004b64   0x00000040   Data   RW         6515    .data               tasks.o
    0x200000e0   0x08004ba4   0x00000014   Data   RW         6950    .data               timers.o
    0x200000f4   0x08004bb8   0x00000010   Data   RW         7119    .data               port.o
    0x20000104   0x08004bc8   0x0000001c   Data   RW         7206    .data               heap_4.o
    0x20000120        -       0x000005fa   Zero   RW         5336    .bss                usart.o
    0x2000071a   0x08004be4   0x00000002   PAD
    0x2000071c        -       0x00000050   Zero   RW         5808    .bss                move_average_filter.o
    0x2000076c        -       0x000005b0   Zero   RW         6514    .bss                tasks.o
    0x20000d1c        -       0x00000134   Zero   RW         6949    .bss                timers.o
    0x20000e50        -       0x00014000   Zero   RW         7205    .bss                heap_4.o
    0x20014e50        -       0x00000060   Zero   RW         7390    .bss                c_w.l(libspace.o)
    0x20014eb0        -       0x00001000   Zero   RW            2    HEAP                startup_stm32f40_41xxx.o
    0x20015eb0        -       0x00001000   Zero   RW            1    STACK               startup_stm32f40_41xxx.o


==============================================================================

Image component sizes


      Code (inc. data)   RO Data    RW Data    ZI Data      Debug   Object Name

       148         10          0          0          0        665   adc.o
        82          0          0          0          0       1072   delay.o
         0          0          0          0          0      47068   event_groups.o
       544         58          0         28      81920       5079   heap_4.o
        52          0          0          0          0        570   imu.o
       154          0          0          0          0      35622   list.o
      2056        522          0         56          0      13175   main.o
       140         24          0          0          0     307219   misc.o
       524         46          0          0          0       6661   motor.o
       226          4         16          0         80       4742   move_average_filter.o
       882        108          0          0          0       5320   myiic.o
       248         44          0         36          0        962   pid.o
       840         88          0         16          0      10759   port.o
       496         28          0          0          0       2327   pwm.o
      1026          8          0          0          0      12554   queue.o
        64         26        392          0       8192        976   startup_stm32f40_41xxx.o
       338         24          0          0          0       4081   stm32f4xx_adc.o
       224          0          0          0          0       3159   stm32f4xx_gpio.o
        44          0          0          0          0       4190   stm32f4xx_it.o
       360         42          0         16          0       5588   stm32f4xx_rcc.o
       414         38          0          0          0       8569   stm32f4xx_tim.o
       438          8          0          0          0       5909   stm32f4xx_usart.o
        26          0          0          0          0        900   sum.o
       340         32          0          0          0       1537   system_stm32f4xx.o
      3604        450          0         64       1456      73983   tasks.o
       558         90          0          0          0      19257   timer.o
       962        112          0         20        308      20960   timers.o
      1876        194          0         52       1530      14731   usart.o

    ----------------------------------------------------------------------
     16698       1956        440        288      93488     617635   Object Totals
         0          0         32          0          0          0   (incl. Generated)
        32          0          0          0          2          0   (incl. Padding)

    ----------------------------------------------------------------------

      Code (inc. data)   RO Data    RW Data    ZI Data      Debug   Library Member Name

        24          4          0          0          0         84   __2printf.o
        44          6          0          0          0         84   __2sprintf.o
         8          0          0          0          0         68   __main.o
       392          4         17          0          0         92   __printf_flags_ss_wp.o
        14          0          0          0          0         68   __printf_wp.o
         0          0          0          0          0          0   __rtentry.o
        12          0          0          0          0          0   __rtentry2.o
         6          0          0          0          0          0   __rtentry4.o
        52          8          0          0          0          0   __scatter.o
        26          0          0          0          0          0   __scatter_copy.o
        28          0          0          0          0          0   __scatter_zi.o
        44          0          0          0          0        108   _printf_char.o
        48          6          0          0          0         96   _printf_char_common.o
        36          4          0          0          0         80   _printf_char_file.o
         6          0          0          0          0          0   _printf_d.o
       120         16          0          0          0         92   _printf_dec.o
        88          4         40          0          0         88   _printf_hex_int.o
       178          0          0          0          0         88   _printf_intcommon.o
        78          0          0          0          0        108   _printf_pad.o
         0          0          0          0          0          0   _printf_percent.o
         4          0          0          0          0          0   _printf_percent_end.o
         6          0          0          0          0          0   _printf_s.o
        82          0          0          0          0         80   _printf_str.o
         6          0          0          0          0          0   _printf_u.o
         6          0          0          0          0          0   _printf_x.o
        10          0          0          0          0         68   _sputc.o
        16          0          0          0          0         68   aeabi_memset.o
        18          0          0          0          0         80   exit.o
         8          0          0          0          0         68   ferror.o
         6          0          0          0          0        152   heapauxi.o
         2          0          0          0          0          0   libinit.o
         6          0          0          0          0          0   libinit2.o
         2          0          0          0          0          0   libshutdown.o
         2          0          0          0          0          0   libshutdown2.o
         8          4          0          0         96         68   libspace.o
        68          0          0          0          0         68   rt_memclr.o
        78          0          0          0          0         80   rt_memclr_w.o
       138          0          0          0          0         68   rt_memcpy_v6.o
       100          0          0          0          0         80   rt_memcpy_w.o
         2          0          0          0          0          0   rtexit.o
        10          0          0          0          0          0   rtexit2.o
        62          0          0          0          0         76   strlen.o
        74          0          0          0          0         80   sys_stackheap_outer.o
         2          0          0          0          0         68   use_no_semi.o
         2          0          0          0          0         68   use_no_semi_2.o
        10          0          0          0          0        116   fpinit.o

    ----------------------------------------------------------------------
      1942         56         60          0         96       2344   Library Totals
        10          0          3          0          0          0   (incl. Padding)

    ----------------------------------------------------------------------

      Code (inc. data)   RO Data    RW Data    ZI Data      Debug   Library Name

      1922         56         57          0         96       2228   c_w.l
        10          0          0          0          0        116   fz_wm.l

    ----------------------------------------------------------------------
      1942         56         60          0         96       2344   Library Totals

    ----------------------------------------------------------------------

==============================================================================


      Code (inc. data)   RO Data    RW Data    ZI Data      Debug   

     18640       2012        500        288      93584     599783   Grand Totals
     18640       2012        500        288      93584     599783   ELF Image Totals
     18640       2012        500        288          0          0   ROM Totals

==============================================================================

    Total RO  Size (Code + RO Data)                19140 (  18.69kB)
    Total RW  Size (RW Data + ZI Data)             93872 (  91.67kB)
    Total ROM Size (Code + RO Data + RW Data)      19428 (  18.97kB)

==============================================================================

